INFO - 11/01/25 16:28:19 - 0:00:00 - Namespace(backbone='gcn', coef_dis=1.0, dataset='airport', devices='0,1', downstream_task='LP', drop_cls=0.0, drop_edge_cls=0.0, embed_features=16, epochs_cls=5000, epochs_lp=5000, epsilon=0.1, eval_freq=1, exp_iters=1, gpu=0, hidden_features=32, hidden_features_cls=32, history_len=5, in_features=None, init_curvs=[-3, -1, 0, 1, 3], log_path='./results/Train/LP_gcn_airport_20251101_162819.log', lr_Riemann=0.01, lr_cls=0.01, lr_gating=0.001, min_epoch_cls=200, min_epoch_lp=200, n_heads=8, n_layers=2, num_factors=5, num_factors_cls=5, patience_cls=100, patience_lp=100, r=2.0, rl_budget=0.2, rl_gamma=0.99, rl_lr=0.001, rl_steps=10, root_path='./datasets', sample_hop=[2, 3], sample_method='rl', t=1.0, version='Train', w_decay=0.0, w_decay_cls=0.0005, w_decay_gating=0.0)
INFO - 11/01/25 16:30:21 - 0:02:02 - 
                                     train iters 0
INFO - 11/01/25 16:30:21 - 0:02:02 - --------------------------Training Start-------------------------
INFO - 11/01/25 16:30:32 - 0:02:13 - Epoch 0: train_loss=2.6736397743225098, train_AUC=0.8835369818160456, train_AP=0.8551058145896497, time=10.682537317276001
INFO - 11/01/25 16:30:35 - 0:02:15 - Epoch 0: val_AUC=0.7982569568876523, val_AP=0.8291648564017448
INFO - 11/01/25 16:30:39 - 0:02:19 - Epoch 1: train_loss=3.464761972427368, train_AUC=0.8449291068934285, train_AP=0.8398275593459803, time=4.163103342056274
INFO - 11/01/25 16:30:40 - 0:02:21 - Epoch 1: val_AUC=0.7499470578422246, val_AP=0.8027734457150453
INFO - 11/01/25 16:30:43 - 0:02:24 - Epoch 2: train_loss=3.7982969284057617, train_AUC=0.8031533876558736, train_AP=0.8133674783611105, time=2.4919016361236572
INFO - 11/01/25 16:30:45 - 0:02:26 - Epoch 2: val_AUC=0.6938931977322604, val_AP=0.7833789270470568
INFO - 11/01/25 16:30:47 - 0:02:28 - Epoch 3: train_loss=2.9508907794952393, train_AUC=0.8486696304779968, train_AP=0.8405346743380683, time=2.324091911315918
INFO - 11/01/25 16:30:49 - 0:02:30 - Epoch 3: val_AUC=0.7399838479599189, val_AP=0.8138531948339018
INFO - 11/01/25 16:30:51 - 0:02:32 - Epoch 4: train_loss=2.6967177391052246, train_AUC=0.8493648778763266, train_AP=0.8439551045589477, time=2.168166399002075
INFO - 11/01/25 16:30:53 - 0:02:34 - Epoch 4: val_AUC=0.789436001070656, val_AP=0.8340534952819179
INFO - 11/01/25 16:30:56 - 0:02:36 - Epoch 5: train_loss=2.5283968448638916, train_AUC=0.8518740373791263, train_AP=0.8413063817593714, time=2.0533769130706787
INFO - 11/01/25 16:30:58 - 0:02:38 - Epoch 5: val_AUC=0.7681918618035369, val_AP=0.8117615490859222
INFO - 11/01/25 16:31:00 - 0:02:40 - Epoch 6: train_loss=2.983964443206787, train_AUC=0.8194109274250893, train_AP=0.821871222546994, time=2.1897783279418945
INFO - 11/01/25 16:31:02 - 0:02:42 - Epoch 6: val_AUC=0.7760782984981138, val_AP=0.8204295827623584
INFO - 11/01/25 16:31:04 - 0:02:45 - Epoch 7: train_loss=2.550537586212158, train_AUC=0.8385758141107695, train_AP=0.8298550860908162, time=2.1756348609924316
INFO - 11/01/25 16:31:06 - 0:02:46 - Epoch 7: val_AUC=0.8226333991112633, val_AP=0.8512910421348203
INFO - 11/01/25 16:31:08 - 0:02:49 - Epoch 8: train_loss=2.2570464611053467, train_AUC=0.8611201244182844, train_AP=0.8452207773514243, time=2.5972843170166016
INFO - 11/01/25 16:31:11 - 0:02:51 - Epoch 8: val_AUC=0.8726666914450372, val_AP=0.8775853194861383
INFO - 11/01/25 16:31:13 - 0:02:53 - Epoch 9: train_loss=2.143287181854248, train_AUC=0.865547299681868, train_AP=0.8492750890578037, time=2.2205774784088135
INFO - 11/01/25 16:31:15 - 0:02:56 - Epoch 9: val_AUC=0.7938397801755173, val_AP=0.8489860782787866
INFO - 11/01/25 16:31:17 - 0:02:58 - Epoch 10: train_loss=2.338146686553955, train_AUC=0.8560736815349885, train_AP=0.8396964168858825, time=2.218019723892212
INFO - 11/01/25 16:31:19 - 0:03:00 - Epoch 10: val_AUC=0.8998757912151458, val_AP=0.8969328053580967
INFO - 11/01/25 16:31:22 - 0:03:02 - Epoch 11: train_loss=2.0855979919433594, train_AUC=0.8691868413839734, train_AP=0.848871354620047, time=2.1431965827941895
INFO - 11/01/25 16:31:24 - 0:03:04 - Epoch 11: val_AUC=0.8895796579951013, val_AP=0.8877510615681097
INFO - 11/01/25 16:31:26 - 0:03:06 - Epoch 12: train_loss=2.0492191314697266, train_AUC=0.8726786623225266, train_AP=0.8466741024638236, time=2.103151559829712
INFO - 11/01/25 16:31:28 - 0:03:09 - Epoch 12: val_AUC=0.887173130796086, val_AP=0.8868430445207243
INFO - 11/01/25 16:31:30 - 0:03:11 - Epoch 13: train_loss=1.9751757383346558, train_AUC=0.8764513282648791, train_AP=0.8508852487228737, time=2.088444232940674
INFO - 11/01/25 16:31:32 - 0:03:13 - Epoch 13: val_AUC=0.8686265205203804, val_AP=0.8660579688815854
INFO - 11/01/25 16:31:34 - 0:03:15 - Epoch 14: train_loss=2.0166985988616943, train_AUC=0.8660546998340721, train_AP=0.8422372909239841, time=2.1945695877075195
INFO - 11/01/25 16:31:37 - 0:03:17 - Epoch 14: val_AUC=0.8549258103895706, val_AP=0.8557635352389924
INFO - 11/01/25 16:31:39 - 0:03:19 - Epoch 15: train_loss=2.1161575317382812, train_AUC=0.8607656159192918, train_AP=0.8399171731774695, time=1.9846124649047852
INFO - 11/01/25 16:31:40 - 0:03:21 - Epoch 15: val_AUC=0.8886460032344418, val_AP=0.8860656169186905
INFO - 11/01/25 16:31:42 - 0:03:23 - Epoch 16: train_loss=1.8540763854980469, train_AUC=0.8778419805708053, train_AP=0.8497087303344771, time=1.8974599838256836
INFO - 11/01/25 16:31:44 - 0:03:24 - Epoch 16: val_AUC=0.8919710588633238, val_AP=0.8894281145053364
INFO - 11/01/25 16:31:46 - 0:03:27 - Epoch 17: train_loss=1.9401676654815674, train_AUC=0.878632018640835, train_AP=0.8510916109527165, time=2.3232929706573486
INFO - 11/01/25 16:31:48 - 0:03:29 - Epoch 17: val_AUC=0.889091725781808, val_AP=0.8843231979251452
INFO - 11/01/25 16:31:51 - 0:03:31 - Epoch 18: train_loss=1.7800402641296387, train_AUC=0.8816729937275105, train_AP=0.850931871050711, time=2.3194148540496826
INFO - 11/01/25 16:31:53 - 0:03:33 - Epoch 18: val_AUC=0.8914860078558959, val_AP=0.8824930253297889
INFO - 11/01/25 16:31:55 - 0:03:36 - Epoch 19: train_loss=1.8055808544158936, train_AUC=0.8822329710710585, train_AP=0.8530691316817712, time=2.188459873199463
INFO - 11/01/25 16:31:57 - 0:03:38 - Epoch 19: val_AUC=0.7981306160104576, val_AP=0.8335267487658709
INFO - 11/01/25 16:31:59 - 0:03:40 - Epoch 20: train_loss=2.0598583221435547, train_AUC=0.8701355700401521, train_AP=0.8447998309623137, time=2.0090386867523193
INFO - 11/01/25 16:32:01 - 0:03:41 - Epoch 20: val_AUC=0.8419502997750643, val_AP=0.8423462175321488
INFO - 11/01/25 16:32:03 - 0:03:44 - Epoch 21: train_loss=2.104519844055176, train_AUC=0.8647749789121011, train_AP=0.8412261366449528, time=2.235481023788452
INFO - 11/01/25 16:32:05 - 0:03:46 - Epoch 21: val_AUC=0.8512534253936231, val_AP=0.8593798299811525
INFO - 11/01/25 16:32:07 - 0:03:48 - Epoch 22: train_loss=1.9183807373046875, train_AUC=0.8764597674718211, train_AP=0.8471568986845643, time=2.1868720054626465
INFO - 11/01/25 16:32:09 - 0:03:50 - Epoch 22: val_AUC=0.9150660847783301, val_AP=0.9031888689193847
INFO - 11/01/25 16:32:11 - 0:03:52 - Epoch 23: train_loss=1.7351508140563965, train_AUC=0.8832647345253486, train_AP=0.8498668784341652, time=2.0782549381256104
