INFO - 11/13/25 19:32:20 - 0:00:00 - Namespace(backbone='gcn', coef_dis=1.0, dataset='Pubmed', devices='0,1', downstream_task='LP', drop_cls=0.0, drop_edge_cls=0.0, edge_split_method='random', embed_features=16, epochs_cls=5000, epochs_lp=5000, eval_freq=1, exp_iters=1, gpu=0, hidden_features=32, hidden_features_cls=32, in_features=None, init_curvs=[-3, -1, 0, 1, 3], log_path='./results/Train/LP_gcn_Pubmed_20251113_193220.log', lr_Riemann=0.01, lr_cls=0.01, lr_gating=0.001, min_epoch_cls=200, min_epoch_lp=200, n_heads=8, n_layers=2, num_factors=5, num_factors_cls=5, patience_cls=100, patience_lp=100, r=2.0, rl_actor_c_lr=0.0005, rl_actor_d_lr=0.0005, rl_aux_lp_coef=0.2, rl_batch_size=4, rl_critic_lr=0.001, rl_enable=True, rl_ensemble_num=3, rl_entropy_coef=0.01, rl_eps_clip_c=0.2, rl_eps_clip_d=0.2, rl_gamma=0.95, rl_init_log_std=0.0, rl_lambda=0.9, rl_max_action=1.0, rl_max_grad_norm=0.5, rl_min_hop_scale=0.2, rl_penalty_alpha_c=0.01, rl_penalty_alpha_d=0.01, rl_reward_scale=1.0, rl_reward_type='loss', rl_state_dim=5, rl_target_log_std=-5.0, rl_temperature=1.0, root_path='./datasets', sample_hop=[2, 3], sample_node_cap=None, sample_node_ratio=None, t=1.0, version='Train', w_decay=0.0, w_decay_cls=0.0005, w_decay_gating=0.0)
INFO - 11/13/25 19:38:10 - 0:05:50 - Using RandomLinkSplit edge splitting method
INFO - 11/13/25 19:40:33 - 0:08:13 - 
                                     train iters 0
INFO - 11/13/25 19:40:33 - 0:08:13 - --------------------------Training Start-------------------------
INFO - 11/13/25 19:40:43 - 0:08:24 - Epoch 0: train_loss=6.574526309967041, train_AUC=0.9954315555406218, train_AP=0.995201105253438, time=10.293436288833618
INFO - 11/13/25 19:40:44 - 0:08:24 - Epoch 0: val_AUC=0.7811084710474527, val_AP=0.8242938826519727
INFO - 11/13/25 19:40:47 - 0:08:27 - Epoch 1: train_loss=2.4591755867004395, train_AUC=0.9003689146658913, train_AP=0.933725978174429, time=2.5832347869873047
INFO - 11/13/25 19:40:47 - 0:08:27 - Epoch 1: val_AUC=0.7109665185262417, val_AP=0.7613713120320595
INFO - 11/13/25 19:40:48 - 0:08:28 - Epoch 2: train_loss=3.6571948528289795, train_AUC=0.7653563877350618, train_AP=0.8297886747933801, time=0.6997232437133789
INFO - 11/13/25 19:40:48 - 0:08:28 - Epoch 2: val_AUC=0.6898579334410719, val_AP=0.7419063160085697
INFO - 11/13/25 19:40:48 - 0:08:28 - Epoch 3: train_loss=4.151406288146973, train_AUC=0.7169315143748711, train_AP=0.7864183031086005, time=0.44295501708984375
INFO - 11/13/25 19:40:48 - 0:08:29 - Epoch 3: val_AUC=0.7026861584277131, val_AP=0.7506950774031338
INFO - 11/13/25 19:40:49 - 0:08:29 - Epoch 4: train_loss=4.176634311676025, train_AUC=0.7155996430557305, train_AP=0.7813428990515765, time=0.463468074798584
INFO - 11/13/25 19:40:49 - 0:08:29 - Epoch 4: val_AUC=0.7562108809902384, val_AP=0.7835585764086719
INFO - 11/13/25 19:40:49 - 0:08:29 - Epoch 5: train_loss=3.325890302658081, train_AUC=0.7778826165473034, train_AP=0.8220256584554296, time=0.3882894515991211
INFO - 11/13/25 19:40:49 - 0:08:30 - Epoch 5: val_AUC=0.7937448683027277, val_AP=0.8089492432856664
INFO - 11/13/25 19:40:50 - 0:08:30 - Epoch 6: train_loss=2.7568492889404297, train_AUC=0.8283517929302633, train_AP=0.859544262098252, time=0.38781118392944336
INFO - 11/13/25 19:40:50 - 0:08:30 - Epoch 6: val_AUC=0.8403622652452137, val_AP=0.8436585424207386
INFO - 11/13/25 19:40:50 - 0:08:30 - Epoch 7: train_loss=2.2815303802490234, train_AUC=0.884785780496434, train_AP=0.898244538352066, time=0.34021687507629395
INFO - 11/13/25 19:40:50 - 0:08:31 - Epoch 7: val_AUC=0.8700521885467032, val_AP=0.866533102548522
INFO - 11/13/25 19:40:51 - 0:08:31 - Epoch 8: train_loss=2.034715414047241, train_AUC=0.9160196783081085, train_AP=0.9219312815453466, time=0.3448066711425781
INFO - 11/13/25 19:40:51 - 0:08:31 - Epoch 8: val_AUC=0.8798333664585749, val_AP=0.8737328159310245
INFO - 11/13/25 19:40:51 - 0:08:31 - Epoch 9: train_loss=1.8753440380096436, train_AUC=0.9234019544197117, train_AP=0.9272061979963787, time=0.3813652992248535
INFO - 11/13/25 19:40:51 - 0:08:32 - Epoch 9: val_AUC=0.8833084622502574, val_AP=0.8761156356003744
INFO - 11/13/25 19:40:52 - 0:08:32 - Epoch 10: train_loss=1.7390048503875732, train_AUC=0.9257357549820379, train_AP=0.9295981592050582, time=0.3357994556427002
INFO - 11/13/25 19:40:52 - 0:08:32 - Epoch 10: val_AUC=0.8899338499784958, val_AP=0.8819883673168033
INFO - 11/13/25 19:40:52 - 0:08:32 - Epoch 11: train_loss=1.7395026683807373, train_AUC=0.9250339850979447, train_AP=0.9284078134667804, time=0.34090733528137207
INFO - 11/13/25 19:40:52 - 0:08:33 - Epoch 11: val_AUC=0.8939673233067027, val_AP=0.8854784846025934
INFO - 11/13/25 19:40:53 - 0:08:33 - Epoch 12: train_loss=1.611931562423706, train_AUC=0.9334175432091173, train_AP=0.9350185341007478, time=0.33884763717651367
INFO - 11/13/25 19:40:53 - 0:08:33 - Epoch 12: val_AUC=0.901936523348408, val_AP=0.8916615211622061
INFO - 11/13/25 19:40:53 - 0:08:33 - Epoch 13: train_loss=1.5591099262237549, train_AUC=0.9361908075688081, train_AP=0.9358511769477251, time=0.4355044364929199
INFO - 11/13/25 19:40:53 - 0:08:34 - Epoch 13: val_AUC=0.9041848991254937, val_AP=0.89360947099449
INFO - 11/13/25 19:40:54 - 0:08:34 - Epoch 14: train_loss=1.4774552583694458, train_AUC=0.9415456748608091, train_AP=0.9398518919921339, time=0.401386022567749
INFO - 11/13/25 19:40:54 - 0:08:34 - Epoch 14: val_AUC=0.9086899998696712, val_AP=0.8981125558435341
INFO - 11/13/25 19:40:54 - 0:08:34 - Epoch 15: train_loss=1.4410383701324463, train_AUC=0.946117824547724, train_AP=0.9429993858724199, time=0.41724395751953125
INFO - 11/13/25 19:40:54 - 0:08:35 - Epoch 15: val_AUC=0.9109265645974796, val_AP=0.9007820769196581
INFO - 11/13/25 19:40:55 - 0:08:35 - Epoch 16: train_loss=1.4445396661758423, train_AUC=0.946867738789618, train_AP=0.9429844235765844, time=0.40596580505371094
INFO - 11/13/25 19:40:55 - 0:08:35 - Epoch 16: val_AUC=0.9122327037365272, val_AP=0.90290009353194
INFO - 11/13/25 19:40:55 - 0:08:36 - Epoch 17: train_loss=1.4102627038955688, train_AUC=0.9483694267558822, train_AP=0.9430882700865556, time=0.3866572380065918
INFO - 11/13/25 19:40:55 - 0:08:36 - Epoch 17: val_AUC=0.916634355980138, val_AP=0.9053849608330349
INFO - 11/13/25 19:40:56 - 0:08:36 - Epoch 18: train_loss=1.3559285402297974, train_AUC=0.9532734843781379, train_AP=0.9490206931609433, time=0.3590850830078125
INFO - 11/13/25 19:40:56 - 0:08:36 - Epoch 18: val_AUC=0.9202764355719482, val_AP=0.9094382684087864
INFO - 11/13/25 19:40:56 - 0:08:37 - Epoch 19: train_loss=1.383082628250122, train_AUC=0.9535569029352036, train_AP=0.9499726690079129, time=0.42997121810913086
INFO - 11/13/25 19:40:56 - 0:08:37 - Epoch 19: val_AUC=0.9201933509494455, val_AP=0.9104315344375533
INFO - 11/13/25 19:40:57 - 0:08:37 - Epoch 20: train_loss=1.3035945892333984, train_AUC=0.9573080314040081, train_AP=0.9526043094226566, time=0.36725330352783203
INFO - 11/13/25 19:40:57 - 0:08:37 - Epoch 20: val_AUC=0.92372607651605, val_AP=0.9133676603517827
INFO - 11/13/25 19:40:57 - 0:08:38 - Epoch 21: train_loss=1.2815895080566406, train_AUC=0.9584695071672451, train_AP=0.9535344231888749, time=0.4288821220397949
INFO - 11/13/25 19:40:57 - 0:08:38 - Epoch 21: val_AUC=0.9249961715909241, val_AP=0.9147810716657786
INFO - 11/13/25 19:40:58 - 0:08:38 - Epoch 22: train_loss=1.2407798767089844, train_AUC=0.9602067970934187, train_AP=0.9551172069951628, time=0.40114307403564453
INFO - 11/13/25 19:40:58 - 0:08:38 - Epoch 22: val_AUC=0.9259856524260709, val_AP=0.9159029964454997
INFO - 11/13/25 19:40:58 - 0:08:39 - Epoch 23: train_loss=1.2054927349090576, train_AUC=0.9607674044657293, train_AP=0.9551905907593186, time=0.4203987121582031
INFO - 11/13/25 19:40:59 - 0:08:39 - Epoch 23: val_AUC=0.9276962181834769, val_AP=0.91726639281209
INFO - 11/13/25 19:40:59 - 0:08:39 - Epoch 24: train_loss=1.1822723150253296, train_AUC=0.9634401965384282, train_AP=0.9575949805223392, time=0.3600926399230957
INFO - 11/13/25 19:40:59 - 0:08:39 - Epoch 24: val_AUC=0.9290518415462211, val_AP=0.9183278431714886
INFO - 11/13/25 19:40:59 - 0:08:40 - Epoch 25: train_loss=1.1595537662506104, train_AUC=0.9638780141354992, train_AP=0.9569399796409517, time=0.4508378505706787
INFO - 11/13/25 19:41:00 - 0:08:40 - Epoch 25: val_AUC=0.9308577102529682, val_AP=0.9197771201953145
INFO - 11/13/25 19:41:00 - 0:08:40 - Epoch 26: train_loss=1.1349589824676514, train_AUC=0.963450754798985, train_AP=0.956208050605229, time=0.4399397373199463
INFO - 11/13/25 19:41:00 - 0:08:40 - Epoch 26: val_AUC=0.9317665501309805, val_AP=0.9204095716941189
INFO - 11/13/25 19:41:01 - 0:08:41 - Epoch 27: train_loss=1.1438157558441162, train_AUC=0.9656900819218869, train_AP=0.9590370391242502, time=0.45913100242614746
INFO - 11/13/25 19:41:01 - 0:08:41 - Epoch 27: val_AUC=0.9324059759022012, val_AP=0.9219727953964794
INFO - 11/13/25 19:41:01 - 0:08:41 - Epoch 28: train_loss=1.1391618251800537, train_AUC=0.9664497794932055, train_AP=0.9600922043307685, time=0.407365083694458
INFO - 11/13/25 19:41:01 - 0:08:42 - Epoch 28: val_AUC=0.9334327226342061, val_AP=0.9230786876894608
INFO - 11/13/25 19:41:02 - 0:08:42 - Epoch 29: train_loss=1.1005041599273682, train_AUC=0.964509445458042, train_AP=0.9566253253936167, time=0.43523168563842773
INFO - 11/13/25 19:41:02 - 0:08:42 - Epoch 29: val_AUC=0.9341637858567166, val_AP=0.9229554546334009
INFO - 11/13/25 19:41:02 - 0:08:43 - Epoch 30: train_loss=1.1422066688537598, train_AUC=0.9663688013033294, train_AP=0.9605500275251827, time=0.4177982807159424
INFO - 11/13/25 19:41:03 - 0:08:43 - Epoch 30: val_AUC=0.9346231949458484, val_AP=0.9244974315265277
INFO - 11/13/25 19:41:03 - 0:08:43 - Epoch 31: train_loss=1.131850004196167, train_AUC=0.967054922686051, train_AP=0.9612771574525951, time=0.4377787113189697
INFO - 11/13/25 19:41:03 - 0:08:43 - Epoch 31: val_AUC=0.9356835420766595, val_AP=0.9255644842286315
INFO - 11/13/25 19:41:04 - 0:08:44 - Epoch 32: train_loss=1.0950889587402344, train_AUC=0.9697163882596479, train_AP=0.9637635018237592, time=0.4171745777130127
INFO - 11/13/25 19:41:04 - 0:08:44 - Epoch 32: val_AUC=0.937358267408672, val_AP=0.9269270682728399
INFO - 11/13/25 19:41:04 - 0:08:44 - Epoch 33: train_loss=1.0633569955825806, train_AUC=0.9697422681415351, train_AP=0.9624009135552503, time=0.41799187660217285
INFO - 11/13/25 19:41:04 - 0:08:45 - Epoch 33: val_AUC=0.9391895909629997, val_AP=0.9285933345086091
INFO - 11/13/25 19:41:05 - 0:08:45 - Epoch 34: train_loss=1.0580971240997314, train_AUC=0.9726699325979554, train_AP=0.966921878757476, time=0.4182107448577881
INFO - 11/13/25 19:41:05 - 0:08:45 - Epoch 34: val_AUC=0.9400365246516962, val_AP=0.9298568262666278
INFO - 11/13/25 19:41:05 - 0:08:46 - Epoch 35: train_loss=1.0499651432037354, train_AUC=0.9724078980893648, train_AP=0.9662890891139357, time=0.40714335441589355
INFO - 11/13/25 19:41:05 - 0:08:46 - Epoch 35: val_AUC=0.9409372189784828, val_AP=0.9308790642477691
INFO - 11/13/25 19:41:06 - 0:08:46 - Epoch 36: train_loss=1.0449855327606201, train_AUC=0.9735796334124311, train_AP=0.9672783226632521, time=0.42273640632629395
INFO - 11/13/25 19:41:06 - 0:08:46 - Epoch 36: val_AUC=0.9417090099571219, val_AP=0.9318234674258207
INFO - 11/13/25 19:41:06 - 0:08:47 - Epoch 37: train_loss=1.042271375656128, train_AUC=0.9736198838638046, train_AP=0.967297882527379, time=0.4528632164001465
INFO - 11/13/25 19:41:07 - 0:08:47 - Epoch 37: val_AUC=0.9427221128908235, val_AP=0.9329896358593534
INFO - 11/13/25 19:41:07 - 0:08:47 - Epoch 38: train_loss=1.0425808429718018, train_AUC=0.9739521590108299, train_AP=0.9681523163824424, time=0.41858458518981934
INFO - 11/13/25 19:41:07 - 0:08:47 - Epoch 38: val_AUC=0.9431031210494077, val_AP=0.9338577928929698
INFO - 11/13/25 19:41:08 - 0:08:48 - Epoch 39: train_loss=1.0286259651184082, train_AUC=0.9751665456628141, train_AP=0.9688517237237603, time=0.42772603034973145
INFO - 11/13/25 19:41:08 - 0:08:48 - Epoch 39: val_AUC=0.9445596474279607, val_AP=0.9352320572871696
INFO - 11/13/25 19:41:08 - 0:08:48 - Epoch 40: train_loss=1.0193803310394287, train_AUC=0.976093600179394, train_AP=0.9705136652322564, time=0.4187314510345459
INFO - 11/13/25 19:41:08 - 0:08:49 - Epoch 40: val_AUC=0.9451140540082629, val_AP=0.9362667824551464
INFO - 11/13/25 19:41:09 - 0:08:49 - Epoch 41: train_loss=1.0109713077545166, train_AUC=0.9765212031274169, train_AP=0.9708171982527715, time=0.3859732151031494
INFO - 11/13/25 19:41:09 - 0:08:49 - Epoch 41: val_AUC=0.945933292822792, val_AP=0.9372082622258897
INFO - 11/13/25 19:41:09 - 0:08:49 - Epoch 42: train_loss=1.0046709775924683, train_AUC=0.9773307171465749, train_AP=0.9716707610257437, time=0.3733227252960205
INFO - 11/13/25 19:41:09 - 0:08:50 - Epoch 42: val_AUC=0.9466701597505506, val_AP=0.9381234428881042
INFO - 11/13/25 19:41:10 - 0:08:50 - Epoch 43: train_loss=0.9929357767105103, train_AUC=0.9777440835529733, train_AP=0.9717532040978791, time=0.376664400100708
INFO - 11/13/25 19:41:10 - 0:08:50 - Epoch 43: val_AUC=0.9476066945027304, val_AP=0.9390592610410605
INFO - 11/13/25 19:41:10 - 0:08:51 - Epoch 44: train_loss=0.9834333658218384, train_AUC=0.9781303536117274, train_AP=0.9720711849506597, time=0.4111819267272949
INFO - 11/13/25 19:41:10 - 0:08:51 - Epoch 44: val_AUC=0.9482010142840387, val_AP=0.9394948083551319
INFO - 11/13/25 19:41:11 - 0:08:51 - Epoch 45: train_loss=0.9915817975997925, train_AUC=0.9795183736227825, train_AP=0.9740027290172615, time=0.4062485694885254
INFO - 11/13/25 19:41:11 - 0:08:51 - Epoch 45: val_AUC=0.9486818054451381, val_AP=0.9404694506671599
INFO - 11/13/25 19:41:11 - 0:08:52 - Epoch 46: train_loss=0.9716651439666748, train_AUC=0.9801010614248626, train_AP=0.9744357594350884, time=0.4179511070251465
INFO - 11/13/25 19:41:12 - 0:08:52 - Epoch 46: val_AUC=0.9498236080882064, val_AP=0.9414508635474393
INFO - 11/13/25 19:41:12 - 0:08:52 - Epoch 47: train_loss=0.9764960408210754, train_AUC=0.980238319868825, train_AP=0.975062467961727, time=0.46448755264282227
INFO - 11/13/25 19:41:12 - 0:08:52 - Epoch 47: val_AUC=0.9500626800166823, val_AP=0.9418580921080018
INFO - 11/13/25 19:41:13 - 0:08:53 - Epoch 48: train_loss=0.9698556661605835, train_AUC=0.9806211464154206, train_AP=0.975671912043379, time=0.3884580135345459
INFO - 11/13/25 19:41:13 - 0:08:53 - Epoch 48: val_AUC=0.950618002971497, val_AP=0.9426063150916771
INFO - 11/13/25 19:41:13 - 0:08:53 - Epoch 49: train_loss=0.9629298448562622, train_AUC=0.9808816708650275, train_AP=0.9756995107222758, time=0.4048788547515869
INFO - 11/13/25 19:41:13 - 0:08:54 - Epoch 49: val_AUC=0.9512989710539691, val_AP=0.9432084488804273
INFO - 11/13/25 19:41:14 - 0:08:54 - Epoch 50: train_loss=0.9540157318115234, train_AUC=0.9817156290300293, train_AP=0.976436113298363, time=0.4612572193145752
INFO - 11/13/25 19:41:14 - 0:08:54 - Epoch 50: val_AUC=0.9519487824030028, val_AP=0.9439481465287215
INFO - 11/13/25 19:41:14 - 0:08:55 - Epoch 51: train_loss=0.9591782689094543, train_AUC=0.9813880547209249, train_AP=0.9764079967411704, time=0.39884352684020996
INFO - 11/13/25 19:41:14 - 0:08:55 - Epoch 51: val_AUC=0.9519402295742159, val_AP=0.9440798090415621
INFO - 11/13/25 19:41:15 - 0:08:55 - Epoch 52: train_loss=0.9498780369758606, train_AUC=0.9818462864697103, train_AP=0.9764043750022543, time=0.4793665409088135
INFO - 11/13/25 19:41:15 - 0:08:55 - Epoch 52: val_AUC=0.9527957160916994, val_AP=0.9449664485729387
INFO - 11/13/25 19:41:15 - 0:08:56 - Epoch 53: train_loss=0.9498246312141418, train_AUC=0.9815857702977768, train_AP=0.9756182134688918, time=0.41453123092651367
INFO - 11/13/25 19:41:16 - 0:08:56 - Epoch 53: val_AUC=0.9530964905707098, val_AP=0.9451712692192961
INFO - 11/13/25 19:41:16 - 0:08:56 - Epoch 54: train_loss=0.9432629346847534, train_AUC=0.9824046120220775, train_AP=0.977040726296245, time=0.47360968589782715
INFO - 11/13/25 19:41:16 - 0:08:56 - Epoch 54: val_AUC=0.9536053838835381, val_AP=0.9459548887480406
INFO - 11/13/25 19:41:17 - 0:08:57 - Epoch 55: train_loss=0.9400248527526855, train_AUC=0.9825467694397617, train_AP=0.9772869756254049, time=0.41984033584594727
INFO - 11/13/25 19:41:17 - 0:08:57 - Epoch 55: val_AUC=0.9538956709653456, val_AP=0.9464370069173066
INFO - 11/13/25 19:41:17 - 0:08:57 - Epoch 56: train_loss=0.9334052801132202, train_AUC=0.983490135904435, train_AP=0.9786030516824206, time=0.409010648727417
INFO - 11/13/25 19:41:17 - 0:08:58 - Epoch 56: val_AUC=0.9540778258546312, val_AP=0.9467818716244238
INFO - 11/13/25 19:41:18 - 0:08:58 - Epoch 57: train_loss=0.9286602735519409, train_AUC=0.9838821836031426, train_AP=0.9790818606248137, time=0.37953686714172363
INFO - 11/13/25 19:41:18 - 0:08:58 - Epoch 57: val_AUC=0.9543594582882612, val_AP=0.9472155640199899
INFO - 11/13/25 19:41:18 - 0:08:59 - Epoch 58: train_loss=0.9263765811920166, train_AUC=0.9838065869577389, train_AP=0.9786787938320128, time=0.43369460105895996
INFO - 11/13/25 19:41:18 - 0:08:59 - Epoch 58: val_AUC=0.9545207402025311, val_AP=0.9474004556270348
INFO - 11/13/25 19:41:19 - 0:08:59 - Epoch 59: train_loss=0.926425576210022, train_AUC=0.9833157237395763, train_AP=0.9778428637398527, time=0.39034128189086914
INFO - 11/13/25 19:41:19 - 0:08:59 - Epoch 59: val_AUC=0.9547842487846838, val_AP=0.9473805714940324
INFO - 11/13/25 19:41:19 - 0:09:00 - Epoch 60: train_loss=0.922584056854248, train_AUC=0.9842136415500647, train_AP=0.9795119458995654, time=0.4167954921722412
INFO - 11/13/25 19:41:19 - 0:09:00 - Epoch 60: val_AUC=0.953943627898187, val_AP=0.9473064398094291
INFO - 11/13/25 19:41:20 - 0:09:00 - Epoch 61: train_loss=0.9225659370422363, train_AUC=0.9848553643102858, train_AP=0.9803217631447202, time=0.3641214370727539
INFO - 11/13/25 19:41:20 - 0:09:00 - Epoch 61: val_AUC=0.9552606617119992, val_AP=0.9485459238139264
INFO - 11/13/25 19:41:20 - 0:09:01 - Epoch 62: train_loss=0.9332773089408875, train_AUC=0.9846611949239678, train_AP=0.979932209562613, time=0.4951462745666504
INFO - 11/13/25 19:41:21 - 0:09:01 - Epoch 62: val_AUC=0.9549369778701664, val_AP=0.9483698132714716
INFO - 11/13/25 19:41:21 - 0:09:01 - Epoch 63: train_loss=0.9123859405517578, train_AUC=0.9852368967218903, train_AP=0.9806909022051462, time=0.4148108959197998
INFO - 11/13/25 19:41:21 - 0:09:01 - Epoch 63: val_AUC=0.9553670629748857, val_AP=0.9487920377375976
INFO - 11/13/25 19:41:22 - 0:09:02 - Epoch 64: train_loss=0.9092142581939697, train_AUC=0.9858020106709764, train_AP=0.9814504037826781, time=0.4223902225494385
INFO - 11/13/25 19:41:22 - 0:09:02 - Epoch 64: val_AUC=0.9560181979759934, val_AP=0.9493135489945019
INFO - 11/13/25 19:41:22 - 0:09:02 - Epoch 65: train_loss=0.9055007100105286, train_AUC=0.9858206236361706, train_AP=0.9811593613745594, time=0.42519068717956543
INFO - 11/13/25 19:41:22 - 0:09:03 - Epoch 65: val_AUC=0.956181007181118, val_AP=0.949662376143925
INFO - 11/13/25 19:41:23 - 0:09:03 - Epoch 66: train_loss=0.9228193759918213, train_AUC=0.9849642845794645, train_AP=0.9799974463151155, time=0.38883209228515625
INFO - 11/13/25 19:41:23 - 0:09:03 - Epoch 66: val_AUC=0.9567114862046944, val_AP=0.9497281788222096
INFO - 11/13/25 19:41:23 - 0:09:04 - Epoch 67: train_loss=0.8981583118438721, train_AUC=0.9867388721171562, train_AP=0.982767046426281, time=0.47310614585876465
INFO - 11/13/25 19:41:23 - 0:09:04 - Epoch 67: val_AUC=0.9568687971627416, val_AP=0.9503835969826026
INFO - 11/13/25 19:41:24 - 0:09:04 - Epoch 68: train_loss=0.897549033164978, train_AUC=0.9865922665947726, train_AP=0.9824316854310426, time=0.4172019958496094
INFO - 11/13/25 19:41:24 - 0:09:04 - Epoch 68: val_AUC=0.9564950181808703, val_AP=0.9502571877801116
INFO - 11/13/25 19:41:24 - 0:09:05 - Epoch 69: train_loss=0.8921410441398621, train_AUC=0.9873619077653634, train_AP=0.983617186618343, time=0.417177677154541
INFO - 11/13/25 19:41:25 - 0:09:05 - Epoch 69: val_AUC=0.9570747777893626, val_AP=0.9509415145775705
INFO - 11/13/25 19:41:25 - 0:09:05 - Epoch 70: train_loss=0.8922684192657471, train_AUC=0.9867928575183667, train_AP=0.9823818119172899, time=0.40471792221069336
INFO - 11/13/25 19:41:25 - 0:09:05 - Epoch 70: val_AUC=0.9564418684591224, val_AP=0.9504373096366663
INFO - 11/13/25 19:41:26 - 0:09:06 - Epoch 71: train_loss=0.8884226679801941, train_AUC=0.9874685525549445, train_AP=0.9836462235804223, time=0.44064879417419434
INFO - 11/13/25 19:41:26 - 0:09:06 - Epoch 71: val_AUC=0.9574175018571857, val_AP=0.9514597515510459
INFO - 11/13/25 19:41:26 - 0:09:06 - Epoch 72: train_loss=0.8929123878479004, train_AUC=0.9870776987785429, train_AP=0.9828971028294097, time=0.4142491817474365
INFO - 11/13/25 19:41:26 - 0:09:07 - Epoch 72: val_AUC=0.9573158861056444, val_AP=0.9514482313434274
INFO - 11/13/25 19:41:27 - 0:09:07 - Epoch 73: train_loss=0.8852204084396362, train_AUC=0.9874224739169735, train_AP=0.9831446625233197, time=0.4181830883026123
INFO - 11/13/25 19:41:27 - 0:09:07 - Epoch 73: val_AUC=0.9578657108133822, val_AP=0.9519013456632721
INFO - 11/13/25 19:41:27 - 0:09:08 - Epoch 74: train_loss=0.8796148896217346, train_AUC=0.9879474978606546, train_AP=0.9836937888862975, time=0.4242074489593506
INFO - 11/13/25 19:41:27 - 0:09:08 - Epoch 74: val_AUC=0.9575535325626555, val_AP=0.9517422094863076
INFO - 11/13/25 19:41:28 - 0:09:08 - Epoch 75: train_loss=0.8802011013031006, train_AUC=0.9882710907849461, train_AP=0.98437408433075, time=0.41298460960388184
INFO - 11/13/25 19:41:28 - 0:09:08 - Epoch 75: val_AUC=0.9580237345071616, val_AP=0.9521850710207271
INFO - 11/13/25 19:41:28 - 0:09:09 - Epoch 76: train_loss=0.8732683658599854, train_AUC=0.9886895756114734, train_AP=0.9851407954641982, time=0.4512157440185547
INFO - 11/13/25 19:41:29 - 0:09:09 - Epoch 76: val_AUC=0.9586004395339441, val_AP=0.9527339215237118
INFO - 11/13/25 19:41:29 - 0:09:09 - Epoch 77: train_loss=0.8737374544143677, train_AUC=0.9880951146681659, train_AP=0.9840057144189135, time=0.4128575325012207
INFO - 11/13/25 19:41:29 - 0:09:09 - Epoch 77: val_AUC=0.9583770477915782, val_AP=0.9526237540640295
INFO - 11/13/25 19:41:30 - 0:09:10 - Epoch 78: train_loss=0.8715341091156006, train_AUC=0.9889757830400117, train_AP=0.9853417071724684, time=0.40177416801452637
INFO - 11/13/25 19:41:30 - 0:09:10 - Epoch 78: val_AUC=0.9585297768770608, val_AP=0.9530092159791304
INFO - 11/13/25 19:41:30 - 0:09:10 - Epoch 79: train_loss=0.8731036186218262, train_AUC=0.9882851390535298, train_AP=0.9845192565078852, time=0.440157413482666
INFO - 11/13/25 19:41:30 - 0:09:11 - Epoch 79: val_AUC=0.9583717531832816, val_AP=0.9528259149408709
INFO - 11/13/25 19:41:31 - 0:09:11 - Epoch 80: train_loss=0.8665280938148499, train_AUC=0.9892459758122183, train_AP=0.9858555422721431, time=0.4518904685974121
INFO - 11/13/25 19:41:31 - 0:09:11 - Epoch 80: val_AUC=0.9586112323893182, val_AP=0.9532705857236491
INFO - 11/13/25 19:41:31 - 0:09:12 - Epoch 81: train_loss=0.8639100790023804, train_AUC=0.9896607985607833, train_AP=0.9863729101468722, time=0.5048651695251465
INFO - 11/13/25 19:41:32 - 0:09:12 - Epoch 81: val_AUC=0.9586621420844791, val_AP=0.9534404346541129
INFO - 11/13/25 19:41:32 - 0:09:12 - Epoch 82: train_loss=0.8645371794700623, train_AUC=0.989360950230868, train_AP=0.9859007688308544, time=0.4825561046600342
INFO - 11/13/25 19:41:32 - 0:09:13 - Epoch 82: val_AUC=0.9586894296810854, val_AP=0.9535247815051724
INFO - 11/13/25 19:41:33 - 0:09:13 - Epoch 83: train_loss=0.860151469707489, train_AUC=0.989698513226147, train_AP=0.9864784381761724, time=0.4443531036376953
INFO - 11/13/25 19:41:33 - 0:09:13 - Epoch 83: val_AUC=0.9588690390856128, val_AP=0.9537219529466392
INFO - 11/13/25 19:41:33 - 0:09:14 - Epoch 84: train_loss=0.8596239686012268, train_AUC=0.9893067443265263, train_AP=0.9855278720291553, time=0.44437718391418457
INFO - 11/13/25 19:41:33 - 0:09:14 - Epoch 84: val_AUC=0.9586404545543407, val_AP=0.9535798967104604
INFO - 11/13/25 19:41:34 - 0:09:14 - Epoch 85: train_loss=0.8550664186477661, train_AUC=0.990058230974136, train_AP=0.9867668199719233, time=0.45110487937927246
INFO - 11/13/25 19:41:34 - 0:09:14 - Epoch 85: val_AUC=0.9587564268399171, val_AP=0.9538475515691005
INFO - 11/13/25 19:41:34 - 0:09:15 - Epoch 86: train_loss=0.8540813326835632, train_AUC=0.9899160504846385, train_AP=0.9863873028334535, time=0.39780735969543457
INFO - 11/13/25 19:41:35 - 0:09:15 - Epoch 86: val_AUC=0.9589592510654381, val_AP=0.9541258962416351
INFO - 11/13/25 19:41:35 - 0:09:15 - Epoch 87: train_loss=0.8524633646011353, train_AUC=0.9901494731268592, train_AP=0.9869612259841855, time=0.3868434429168701
INFO - 11/13/25 19:41:35 - 0:09:15 - Epoch 87: val_AUC=0.9585330350975512, val_AP=0.9538097857785574
INFO - 11/13/25 19:41:36 - 0:09:16 - Epoch 88: train_loss=0.8503493070602417, train_AUC=0.9899045004883531, train_AP=0.9861978872807988, time=0.3945434093475342
INFO - 11/13/25 19:41:36 - 0:09:16 - Epoch 88: val_AUC=0.9589246324727289, val_AP=0.9541049651206104
INFO - 11/13/25 19:41:36 - 0:09:16 - Epoch 89: train_loss=0.8487923741340637, train_AUC=0.991045426134686, train_AP=0.988155303062503, time=0.3985109329223633
INFO - 11/13/25 19:41:36 - 0:09:16 - Epoch 89: val_AUC=0.9588423624053487, val_AP=0.9545159336677556
INFO - 11/13/25 19:41:37 - 0:09:17 - Epoch 90: train_loss=0.8612277507781982, train_AUC=0.9899655095835537, train_AP=0.9870055747323508, time=0.3875236511230469
INFO - 11/13/25 19:41:37 - 0:09:17 - Epoch 90: val_AUC=0.9545834609469692, val_AP=0.9505454209801393
INFO - 11/13/25 19:41:37 - 0:09:17 - Epoch 91: train_loss=0.8476787209510803, train_AUC=0.9901012882612947, train_AP=0.9866416880159256, time=0.4116649627685547
INFO - 11/13/25 19:41:37 - 0:09:18 - Epoch 91: val_AUC=0.9594430968082472, val_AP=0.9546716795105264
INFO - 11/13/25 19:41:38 - 0:09:18 - Epoch 92: train_loss=0.8422327041625977, train_AUC=0.9911295371597851, train_AP=0.988258166241003, time=0.3908193111419678
INFO - 11/13/25 19:41:38 - 0:09:18 - Epoch 92: val_AUC=0.9591003727404241, val_AP=0.9547881250007179
INFO - 11/13/25 19:41:38 - 0:09:18 - Epoch 93: train_loss=0.8475726842880249, train_AUC=0.9907536328616496, train_AP=0.9877395398139625, time=0.38667726516723633
INFO - 11/13/25 19:41:38 - 0:09:19 - Epoch 93: val_AUC=0.9586635675559436, val_AP=0.9544042770912272
INFO - 11/13/25 19:41:39 - 0:09:19 - Epoch 94: train_loss=0.8538082838058472, train_AUC=0.9907156177343515, train_AP=0.987860235993026, time=0.4124729633331299
INFO - 11/13/25 19:41:39 - 0:09:19 - Epoch 94: val_AUC=0.9586944188312112, val_AP=0.9545552005409799
INFO - 11/13/25 19:41:39 - 0:09:20 - Epoch 95: train_loss=0.8392680883407593, train_AUC=0.9912992424986187, train_AP=0.9885550911750531, time=0.44765496253967285
INFO - 11/13/25 19:41:39 - 0:09:20 - Epoch 95: val_AUC=0.9585108384704608, val_AP=0.9543586108404498
INFO - 11/13/25 19:41:40 - 0:09:20 - Epoch 96: train_loss=0.8371016979217529, train_AUC=0.9909321556839238, train_AP=0.9879283908312279, time=0.3707151412963867
INFO - 11/13/25 19:41:40 - 0:09:20 - Epoch 96: val_AUC=0.9585002492538676, val_AP=0.9544069297772731
INFO - 11/13/25 19:41:40 - 0:09:21 - Epoch 97: train_loss=0.8356637954711914, train_AUC=0.9909368563457239, train_AP=0.9878066844833465, time=0.3947439193725586
INFO - 11/13/25 19:41:40 - 0:09:21 - Epoch 97: val_AUC=0.9590789906684564, val_AP=0.9549740669030833
INFO - 11/13/25 19:41:41 - 0:09:21 - Epoch 98: train_loss=0.8343808650970459, train_AUC=0.9914045181257858, train_AP=0.9886077321586606, time=0.4044928550720215
INFO - 11/13/25 19:41:41 - 0:09:21 - Epoch 98: val_AUC=0.9586857641830338, val_AP=0.9547241831946909
INFO - 11/13/25 19:41:41 - 0:09:22 - Epoch 99: train_loss=0.8356084823608398, train_AUC=0.9916178189766737, train_AP=0.9888091212634489, time=0.3862905502319336
INFO - 11/13/25 19:41:41 - 0:09:22 - Epoch 99: val_AUC=0.959128882169714, val_AP=0.9550387194845632
INFO - 11/13/25 19:41:42 - 0:09:22 - Epoch 100: train_loss=0.838982880115509, train_AUC=0.9915171895900069, train_AP=0.9884646172708692, time=0.4038231372833252
INFO - 11/13/25 19:41:42 - 0:09:22 - Epoch 100: val_AUC=0.9597434640096963, val_AP=0.955494925609152
INFO - 11/13/25 19:41:42 - 0:09:23 - Epoch 101: train_loss=0.8301771879196167, train_AUC=0.9912413620117442, train_AP=0.9881792897973505, time=0.3787517547607422
INFO - 11/13/25 19:41:43 - 0:09:23 - Epoch 101: val_AUC=0.9582613809641728, val_AP=0.9545496718382422
INFO - 11/13/25 19:41:43 - 0:09:23 - Epoch 102: train_loss=0.8256936073303223, train_AUC=0.9918521438853013, train_AP=0.9891171718946906, time=0.4197578430175781
INFO - 11/13/25 19:41:43 - 0:09:23 - Epoch 102: val_AUC=0.959227850617107, val_AP=0.9553377192836182
INFO - 11/13/25 19:41:43 - 0:09:24 - Epoch 103: train_loss=0.8250159025192261, train_AUC=0.9921983572254652, train_AP=0.9897613395115235, time=0.38671159744262695
INFO - 11/13/25 19:41:44 - 0:09:24 - Epoch 103: val_AUC=0.9583326545373978, val_AP=0.954866386619675
INFO - 11/13/25 19:41:44 - 0:09:24 - Epoch 104: train_loss=0.8292397260665894, train_AUC=0.9923468928547303, train_AP=0.9898504588759253, time=0.38694047927856445
INFO - 11/13/25 19:41:44 - 0:09:24 - Epoch 104: val_AUC=0.9584538196118807, val_AP=0.95490749144989
INFO - 11/13/25 19:41:45 - 0:09:25 - Epoch 105: train_loss=0.8244792819023132, train_AUC=0.9922977784240484, train_AP=0.9896964283241025, time=0.39391446113586426
INFO - 11/13/25 19:41:45 - 0:09:25 - Epoch 105: val_AUC=0.9582102676302312, val_AP=0.9547424334430621
INFO - 11/13/25 19:41:45 - 0:09:25 - Epoch 106: train_loss=0.8196488618850708, train_AUC=0.9924780909849967, train_AP=0.9899501428743528, time=0.41056203842163086
INFO - 11/13/25 19:41:45 - 0:09:25 - Epoch 106: val_AUC=0.9573069259992963, val_AP=0.9541215146642767
INFO - 11/13/25 19:41:46 - 0:09:26 - Epoch 107: train_loss=0.8249933123588562, train_AUC=0.9922697343708536, train_AP=0.9896227268459911, time=0.3796257972717285
INFO - 11/13/25 19:41:46 - 0:09:26 - Epoch 107: val_AUC=0.9584000589737909, val_AP=0.955117408323489
INFO - 11/13/25 19:41:46 - 0:09:26 - Epoch 108: train_loss=0.8170931935310364, train_AUC=0.9926339063877669, train_AP=0.9899781110032342, time=0.4189872741699219
INFO - 11/13/25 19:41:46 - 0:09:26 - Epoch 108: val_AUC=0.9589177087541867, val_AP=0.9554300113987081
INFO - 11/13/25 19:41:47 - 0:09:27 - Epoch 109: train_loss=0.8189848065376282, train_AUC=0.9924133254111326, train_AP=0.9900260358851629, time=0.38718152046203613
INFO - 11/13/25 19:41:47 - 0:09:27 - Epoch 109: val_AUC=0.9588382896297358, val_AP=0.9556057030359606
INFO - 11/13/25 19:41:47 - 0:09:27 - Epoch 110: train_loss=0.8232936859130859, train_AUC=0.9927842460214839, train_AP=0.9903721043449857, time=0.4126279354095459
INFO - 11/13/25 19:41:47 - 0:09:27 - Epoch 110: val_AUC=0.9586951315669435, val_AP=0.9556870205640807
INFO - 11/13/25 19:41:48 - 0:09:28 - Epoch 111: train_loss=0.8139994740486145, train_AUC=0.9929868119627409, train_AP=0.9906578076250395, time=0.39052772521972656
INFO - 11/13/25 19:41:48 - 0:09:28 - Epoch 111: val_AUC=0.9583002759712755, val_AP=0.9553030125754906
INFO - 11/13/25 19:41:48 - 0:09:28 - Epoch 112: train_loss=0.8115150928497314, train_AUC=0.9929808744051811, train_AP=0.9906254006128268, time=0.3932485580444336
INFO - 11/13/25 19:41:48 - 0:09:29 - Epoch 112: val_AUC=0.9579870795266457, val_AP=0.9551045573166624
INFO - 11/13/25 19:41:49 - 0:09:29 - Epoch 113: train_loss=0.8110053539276123, train_AUC=0.9931249561177634, train_AP=0.9907194960471515, time=0.38765549659729004
INFO - 11/13/25 19:41:49 - 0:09:29 - Epoch 113: val_AUC=0.9580650731796322, val_AP=0.955106207475206
INFO - 11/13/25 19:41:49 - 0:09:29 - Epoch 114: train_loss=0.8221255540847778, train_AUC=0.9925054832154369, train_AP=0.9897967434300031, time=0.3896965980529785
INFO - 11/13/25 19:41:49 - 0:09:30 - Epoch 114: val_AUC=0.9596275935435102, val_AP=0.9558201011067456
INFO - 11/13/25 19:41:50 - 0:09:30 - Epoch 115: train_loss=0.8122683763504028, train_AUC=0.9933785581427897, train_AP=0.9913178112303432, time=0.39045262336730957
INFO - 11/13/25 19:41:50 - 0:09:30 - Epoch 115: val_AUC=0.9558891928084557, val_AP=0.9534952587007466
INFO - 11/13/25 19:41:50 - 0:09:31 - Epoch 116: train_loss=0.8134464621543884, train_AUC=0.9927977146768044, train_AP=0.9902374374403091, time=0.377368688583374
INFO - 11/13/25 19:41:50 - 0:09:31 - Epoch 116: val_AUC=0.9580656840959741, val_AP=0.9551813494972576
INFO - 11/13/25 19:41:51 - 0:09:31 - Epoch 117: train_loss=0.8049443364143372, train_AUC=0.9930377159559762, train_AP=0.9905171017356457, time=0.39495301246643066
INFO - 11/13/25 19:41:51 - 0:09:31 - Epoch 117: val_AUC=0.9588006164553167, val_AP=0.9555886803203714
INFO - 11/13/25 19:41:51 - 0:09:32 - Epoch 118: train_loss=0.8091651201248169, train_AUC=0.9935104889352177, train_AP=0.9912444248610098, time=0.3805873394012451
INFO - 11/13/25 19:41:51 - 0:09:32 - Epoch 118: val_AUC=0.9575321504906881, val_AP=0.954896998484265
INFO - 11/13/25 19:41:52 - 0:09:32 - Epoch 119: train_loss=0.8059388995170593, train_AUC=0.9935591524968771, train_AP=0.9913874461858918, time=0.41201019287109375
INFO - 11/13/25 19:41:52 - 0:09:32 - Epoch 119: val_AUC=0.9577724442518475, val_AP=0.955130480452007
INFO - 11/13/25 19:41:52 - 0:09:33 - Epoch 120: train_loss=0.8045731782913208, train_AUC=0.9934790682957346, train_AP=0.9913495531209385, time=0.3894832134246826
INFO - 11/13/25 19:41:53 - 0:09:33 - Epoch 120: val_AUC=0.9574975318979786, val_AP=0.9549069198964666
INFO - 11/13/25 19:41:53 - 0:09:33 - Epoch 121: train_loss=0.7989170551300049, train_AUC=0.994043515804047, train_AP=0.9921813243629918, time=0.4343266487121582
INFO - 11/13/25 19:41:53 - 0:09:33 - Epoch 121: val_AUC=0.9580109052639809, val_AP=0.9553183181489814
INFO - 11/13/25 19:41:54 - 0:09:34 - Epoch 122: train_loss=0.8066237568855286, train_AUC=0.9936577637163063, train_AP=0.9915739482970598, time=0.4110574722290039
INFO - 11/13/25 19:41:54 - 0:09:34 - Epoch 122: val_AUC=0.958545660701951, val_AP=0.955772134614558
INFO - 11/13/25 19:41:54 - 0:09:34 - Epoch 123: train_loss=0.8123523592948914, train_AUC=0.9940051811937773, train_AP=0.9919087502407834, time=0.48221445083618164
INFO - 11/13/25 19:41:54 - 0:09:35 - Epoch 123: val_AUC=0.9578854637751046, val_AP=0.9554078417893471
INFO - 11/13/25 19:41:55 - 0:09:35 - Epoch 124: train_loss=0.818435788154602, train_AUC=0.9934430392817043, train_AP=0.99140958673348, time=0.404315710067749
INFO - 11/13/25 19:41:55 - 0:09:35 - Epoch 124: val_AUC=0.9530934359890002, val_AP=0.9516078253193585
INFO - 11/13/25 19:41:55 - 0:09:35 - Epoch 125: train_loss=0.7925478219985962, train_AUC=0.993703725938487, train_AP=0.9914958884363823, time=0.4317905902862549
INFO - 11/13/25 19:41:55 - 0:09:36 - Epoch 125: val_AUC=0.9571967574189683, val_AP=0.9549106380377756
INFO - 11/13/25 19:41:56 - 0:09:36 - Epoch 126: train_loss=0.8011419773101807, train_AUC=0.993617376947502, train_AP=0.9912845429165706, time=0.39672160148620605
INFO - 11/13/25 19:41:56 - 0:09:36 - Epoch 126: val_AUC=0.9572260814033808, val_AP=0.9549896545488278
INFO - 11/13/25 19:41:56 - 0:09:37 - Epoch 127: train_loss=0.8093883991241455, train_AUC=0.9939763255763422, train_AP=0.9918847140533438, time=0.4461078643798828
INFO - 11/13/25 19:41:56 - 0:09:37 - Epoch 127: val_AUC=0.9567575085691198, val_AP=0.9547260279485805
INFO - 11/13/25 19:41:57 - 0:09:37 - Epoch 128: train_loss=0.7939015626907349, train_AUC=0.9939123287693853, train_AP=0.991563160364799, time=0.396435022354126
INFO - 11/13/25 19:41:57 - 0:09:37 - Epoch 128: val_AUC=0.9577608368413507, val_AP=0.955450285680885
INFO - 11/13/25 19:41:57 - 0:09:38 - Epoch 129: train_loss=0.7868090271949768, train_AUC=0.9941870388617311, train_AP=0.9922493730143285, time=0.4374544620513916
INFO - 11/13/25 19:41:57 - 0:09:38 - Epoch 129: val_AUC=0.9581866455316764, val_AP=0.9557592419561364
INFO - 11/13/25 19:41:58 - 0:09:38 - Epoch 130: train_loss=0.7911453247070312, train_AUC=0.9937199764204518, train_AP=0.9913737210240577, time=0.36233997344970703
INFO - 11/13/25 19:41:58 - 0:09:38 - Epoch 130: val_AUC=0.9593386301137771, val_AP=0.9565315187679814
INFO - 11/13/25 19:41:58 - 0:09:39 - Epoch 131: train_loss=0.791085958480835, train_AUC=0.9938042744857469, train_AP=0.991549383374206, time=0.40662097930908203
INFO - 11/13/25 19:41:58 - 0:09:39 - Epoch 131: val_AUC=0.9592033121440393, val_AP=0.9564737059130295
INFO - 11/13/25 19:41:59 - 0:09:39 - Epoch 132: train_loss=0.781720757484436, train_AUC=0.9946166888607881, train_AP=0.9928022063060566, time=0.3651621341705322
INFO - 11/13/25 19:41:59 - 0:09:39 - Epoch 132: val_AUC=0.9575624926690038, val_AP=0.955524568817011
INFO - 11/13/25 19:41:59 - 0:09:40 - Epoch 133: train_loss=0.7825488448143005, train_AUC=0.9942874745156147, train_AP=0.9923373510091756, time=0.39122700691223145
INFO - 11/13/25 19:41:59 - 0:09:40 - Epoch 133: val_AUC=0.9578689690338724, val_AP=0.9557288281327306
INFO - 11/13/25 19:42:00 - 0:09:40 - Epoch 134: train_loss=0.7858612537384033, train_AUC=0.9940181412124821, train_AP=0.9920977898271629, time=0.3758046627044678
INFO - 11/13/25 19:42:00 - 0:09:40 - Epoch 134: val_AUC=0.9535343139490935, val_AP=0.952520285815022
INFO - 11/13/25 19:42:00 - 0:09:41 - Epoch 135: train_loss=0.7815331220626831, train_AUC=0.9946179148370636, train_AP=0.9928112198223139, time=0.35498619079589844
INFO - 11/13/25 19:42:00 - 0:09:41 - Epoch 135: val_AUC=0.9566903077715073, val_AP=0.9549467287000775
INFO - 11/13/25 19:42:01 - 0:09:41 - Epoch 136: train_loss=0.7812748551368713, train_AUC=0.9947815815250489, train_AP=0.9929263095556127, time=0.39153051376342773
INFO - 11/13/25 19:42:01 - 0:09:41 - Epoch 136: val_AUC=0.9560172816014807, val_AP=0.9544466394317411
INFO - 11/13/25 19:42:01 - 0:09:42 - Epoch 137: train_loss=0.7774628400802612, train_AUC=0.9947321329933766, train_AP=0.9930249307219952, time=0.39243245124816895
INFO - 11/13/25 19:42:02 - 0:09:42 - Epoch 137: val_AUC=0.9574971246204174, val_AP=0.9556511972919772
INFO - 11/13/25 19:42:02 - 0:09:42 - Epoch 138: train_loss=0.7767332792282104, train_AUC=0.9945542368085952, train_AP=0.9926500720262106, time=0.39147329330444336
INFO - 11/13/25 19:42:02 - 0:09:42 - Epoch 138: val_AUC=0.956755675820094, val_AP=0.9551780309883097
INFO - 11/13/25 19:42:02 - 0:09:43 - Epoch 139: train_loss=0.7806342840194702, train_AUC=0.994924969498147, train_AP=0.992979014702407, time=0.36575794219970703
INFO - 11/13/25 19:42:03 - 0:09:43 - Epoch 139: val_AUC=0.9573572247781152, val_AP=0.9557120759729675
INFO - 11/13/25 19:42:03 - 0:09:43 - Epoch 140: train_loss=0.7741450071334839, train_AUC=0.9948106801890665, train_AP=0.99311908972298, time=0.4089179039001465
INFO - 11/13/25 19:42:03 - 0:09:43 - Epoch 140: val_AUC=0.9568713426474996, val_AP=0.9553815911398996
INFO - 11/13/25 19:42:04 - 0:09:44 - Epoch 141: train_loss=0.7756615877151489, train_AUC=0.9948071738018136, train_AP=0.9928206845719185, time=0.3924746513366699
INFO - 11/13/25 19:42:04 - 0:09:44 - Epoch 141: val_AUC=0.9544014078770738, val_AP=0.9535978619591516
INFO - 11/13/25 19:42:04 - 0:09:44 - Epoch 142: train_loss=0.770744264125824, train_AUC=0.9954409982525895, train_AP=0.9940963946169187, time=0.38745665550231934
INFO - 11/13/25 19:42:04 - 0:09:44 - Epoch 142: val_AUC=0.9562649063587432, val_AP=0.9551512383099838
INFO - 11/13/25 19:42:05 - 0:09:45 - Epoch 143: train_loss=0.7689419984817505, train_AUC=0.9950882318129778, train_AP=0.9933291283167406, time=0.35932040214538574
INFO - 11/13/25 19:42:05 - 0:09:45 - Epoch 143: val_AUC=0.9560380527571062, val_AP=0.954989596994982
INFO - 11/13/25 19:42:05 - 0:09:45 - Epoch 144: train_loss=0.7704312205314636, train_AUC=0.9953913618001176, train_AP=0.9938367533984671, time=0.3443324565887451
INFO - 11/13/25 19:42:05 - 0:09:45 - Epoch 144: val_AUC=0.9551052853223683, val_AP=0.9544136892662335
INFO - 11/13/25 19:42:06 - 0:09:46 - Epoch 145: train_loss=0.7802030444145203, train_AUC=0.9955206541281607, train_AP=0.993980943363771, time=0.38292407989501953
INFO - 11/13/25 19:42:06 - 0:09:46 - Epoch 145: val_AUC=0.9554721405856977, val_AP=0.9546056583883717
INFO - 11/13/25 19:42:06 - 0:09:46 - Epoch 146: train_loss=0.7687454223632812, train_AUC=0.9955516207284485, train_AP=0.994047058343962, time=0.4050412178039551
INFO - 11/13/25 19:42:06 - 0:09:46 - Epoch 146: val_AUC=0.9555265121401295, val_AP=0.9547338036663152
INFO - 11/13/25 19:42:07 - 0:09:47 - Epoch 147: train_loss=0.7648192644119263, train_AUC=0.9954466786739099, train_AP=0.9937290304833221, time=0.4043693542480469
INFO - 11/13/25 19:42:07 - 0:09:47 - Epoch 147: val_AUC=0.9554220454456595, val_AP=0.9547721618045898
INFO - 11/13/25 19:42:07 - 0:09:47 - Epoch 148: train_loss=0.7647364139556885, train_AUC=0.9953478996114422, train_AP=0.9936615052954318, time=0.40279722213745117
INFO - 11/13/25 19:42:07 - 0:09:48 - Epoch 148: val_AUC=0.9554037179554015, val_AP=0.9547445269743482
INFO - 11/13/25 19:42:08 - 0:09:48 - Epoch 149: train_loss=0.7635619640350342, train_AUC=0.995409787548995, train_AP=0.9937378362259099, time=0.4304468631744385
INFO - 11/13/25 19:42:08 - 0:09:48 - Epoch 149: val_AUC=0.9557250599512569, val_AP=0.9549017088927073
INFO - 11/13/25 19:42:08 - 0:09:48 - Epoch 150: train_loss=0.7623576521873474, train_AUC=0.9953623091036059, train_AP=0.9936236446754734, time=0.3812716007232666
INFO - 11/13/25 19:42:08 - 0:09:49 - Epoch 150: val_AUC=0.9536104748530543, val_AP=0.9533607952337515
INFO - 11/13/25 19:42:09 - 0:09:49 - Epoch 151: train_loss=0.7589403390884399, train_AUC=0.9953487307250816, train_AP=0.993648888188976, time=0.39560723304748535
INFO - 11/13/25 19:42:09 - 0:09:49 - Epoch 151: val_AUC=0.9559887721721905, val_AP=0.9550733430719546
INFO - 11/13/25 19:42:09 - 0:09:50 - Epoch 152: train_loss=0.7873101234436035, train_AUC=0.9947418254445137, train_AP=0.99269654418146, time=0.4013481140136719
INFO - 11/13/25 19:42:09 - 0:09:50 - Epoch 152: val_AUC=0.9584782562655579, val_AP=0.9564405886378231
INFO - 11/13/25 19:42:10 - 0:09:50 - Epoch 153: train_loss=0.7652547359466553, train_AUC=0.9954764288084407, train_AP=0.9939877255282021, time=0.38738584518432617
INFO - 11/13/25 19:42:10 - 0:09:50 - Epoch 153: val_AUC=0.9545879410001433, val_AP=0.9541390310462727
INFO - 11/13/25 19:42:10 - 0:09:51 - Epoch 154: train_loss=0.7635087370872498, train_AUC=0.9955252612698628, train_AP=0.9939682552139757, time=0.39440035820007324
INFO - 11/13/25 19:42:10 - 0:09:51 - Epoch 154: val_AUC=0.9541871798798368, val_AP=0.9539975843215986
INFO - 11/13/25 19:42:11 - 0:09:51 - Epoch 155: train_loss=0.778265655040741, train_AUC=0.9958335198921328, train_AP=0.9943625702112514, time=0.390521764755249
INFO - 11/13/25 19:42:11 - 0:09:51 - Epoch 155: val_AUC=0.9549235377106438, val_AP=0.9544673858510748
INFO - 11/13/25 19:42:11 - 0:09:52 - Epoch 156: train_loss=0.7540476322174072, train_AUC=0.9954622678226017, train_AP=0.993721529961649, time=0.3857722282409668
INFO - 11/13/25 19:42:11 - 0:09:52 - Epoch 156: val_AUC=0.9570026896610148, val_AP=0.9558754357107432
INFO - 11/13/25 19:42:12 - 0:09:52 - Epoch 157: train_loss=0.7553670406341553, train_AUC=0.9959394904916288, train_AP=0.994555143380695, time=0.40619611740112305
INFO - 11/13/25 19:42:12 - 0:09:52 - Epoch 157: val_AUC=0.9545527114910921, val_AP=0.9544962097440908
INFO - 11/13/25 19:42:12 - 0:09:53 - Epoch 158: train_loss=0.7504143714904785, train_AUC=0.9957952724616156, train_AP=0.9942219953421443, time=0.3505082130432129
INFO - 11/13/25 19:42:12 - 0:09:53 - Epoch 158: val_AUC=0.9548648897418188, val_AP=0.9547208876135886
INFO - 11/13/25 19:42:13 - 0:09:53 - Epoch 159: train_loss=0.7532378435134888, train_AUC=0.9956509239261548, train_AP=0.9939824552678925, time=0.39743685722351074
INFO - 11/13/25 19:42:13 - 0:09:53 - Epoch 159: val_AUC=0.956059842106635, val_AP=0.955493232419414
INFO - 11/13/25 19:42:13 - 0:09:54 - Epoch 160: train_loss=0.7482531070709229, train_AUC=0.9960637989557671, train_AP=0.9944095487399637, time=0.39781689643859863
INFO - 11/13/25 19:42:13 - 0:09:54 - Epoch 160: val_AUC=0.9533255841989338, val_AP=0.9537048606047591
INFO - 11/13/25 19:42:14 - 0:09:54 - Epoch 161: train_loss=0.7487636804580688, train_AUC=0.9959214821488386, train_AP=0.9944461011866763, time=0.4493715763092041
INFO - 11/13/25 19:42:14 - 0:09:54 - Epoch 161: val_AUC=0.9520725947816341, val_AP=0.9528223600200115
INFO - 11/13/25 19:42:14 - 0:09:55 - Epoch 162: train_loss=0.7516344785690308, train_AUC=0.9962560637727067, train_AP=0.9949942743566543, time=0.4158210754394531
INFO - 11/13/25 19:42:15 - 0:09:55 - Epoch 162: val_AUC=0.9538267392380979, val_AP=0.9541073584869801
INFO - 11/13/25 19:42:15 - 0:09:55 - Epoch 163: train_loss=0.7443713545799255, train_AUC=0.9963376557432637, train_AP=0.9952170024468494, time=0.38794469833374023
INFO - 11/13/25 19:42:15 - 0:09:55 - Epoch 163: val_AUC=0.9540666257216959, val_AP=0.9543828593635242
INFO - 11/13/25 19:42:15 - 0:09:56 - Epoch 164: train_loss=0.7429059743881226, train_AUC=0.9964315527395979, train_AP=0.9951227664896891, time=0.3884568214416504
INFO - 11/13/25 19:42:16 - 0:09:56 - Epoch 164: val_AUC=0.95473557911611, val_AP=0.9549092877666635
INFO - 11/13/25 19:42:16 - 0:09:56 - Epoch 165: train_loss=0.7421890497207642, train_AUC=0.9964455781124889, train_AP=0.99522604272482, time=0.3998141288757324
INFO - 11/13/25 19:42:16 - 0:09:56 - Epoch 165: val_AUC=0.9539426097042837, val_AP=0.9542989195835274
INFO - 11/13/25 19:42:17 - 0:09:57 - Epoch 166: train_loss=0.7413129806518555, train_AUC=0.9963660752858163, train_AP=0.9948541810944163, time=0.397662878036499
INFO - 11/13/25 19:42:17 - 0:09:57 - Epoch 166: val_AUC=0.9513037565653143, val_AP=0.9525278616709227
INFO - 11/13/25 19:42:17 - 0:09:57 - Epoch 167: train_loss=0.7396855354309082, train_AUC=0.9962097577628966, train_AP=0.9947199841039451, time=0.40087270736694336
INFO - 11/13/25 19:42:17 - 0:09:57 - Epoch 167: val_AUC=0.952790828760964, val_AP=0.9535261034075482
INFO - 11/13/25 19:42:18 - 0:09:58 - Epoch 168: train_loss=0.7395286560058594, train_AUC=0.9962440833374014, train_AP=0.9947709656594754, time=0.4368922710418701
INFO - 11/13/25 19:42:18 - 0:09:58 - Epoch 168: val_AUC=0.9522719571478842, val_AP=0.9531943468463897
INFO - 11/13/25 19:42:18 - 0:09:58 - Epoch 169: train_loss=0.7434109449386597, train_AUC=0.9966785710201727, train_AP=0.9955142154110705, time=0.3971531391143799
INFO - 11/13/25 19:42:18 - 0:09:59 - Epoch 169: val_AUC=0.9524110424350638, val_AP=0.9534071142473832
INFO - 11/13/25 19:42:19 - 0:09:59 - Epoch 170: train_loss=0.737221360206604, train_AUC=0.9965036481052494, train_AP=0.9951283818087302, time=0.37778353691101074
INFO - 11/13/25 19:42:19 - 0:09:59 - Epoch 170: val_AUC=0.953181611581019, val_AP=0.9540824442575697
INFO - 11/13/25 19:42:19 - 0:09:59 - Epoch 171: train_loss=0.7479128241539001, train_AUC=0.9965229803474308, train_AP=0.9953483347784621, time=0.3973536491394043
INFO - 11/13/25 19:42:19 - 0:10:00 - Epoch 171: val_AUC=0.9566141468675469, val_AP=0.9562556979261926
INFO - 11/13/25 19:42:20 - 0:10:00 - Epoch 172: train_loss=0.7346324920654297, train_AUC=0.9964319021630903, train_AP=0.9950594275624174, time=0.3950493335723877
INFO - 11/13/25 19:42:20 - 0:10:00 - Epoch 172: val_AUC=0.9531567676497805, val_AP=0.9540802566583771
INFO - 11/13/25 19:42:20 - 0:10:01 - Epoch 173: train_loss=0.7348395586013794, train_AUC=0.9967602572153105, train_AP=0.9956515324707256, time=0.41518115997314453
INFO - 11/13/25 19:42:20 - 0:10:01 - Epoch 173: val_AUC=0.9524784468714567, val_AP=0.9536689809471767
INFO - 11/13/25 19:42:21 - 0:10:01 - Epoch 174: train_loss=0.7329373359680176, train_AUC=0.9963601317401523, train_AP=0.9949418177987888, time=0.35490846633911133
INFO - 11/13/25 19:42:21 - 0:10:01 - Epoch 174: val_AUC=0.9534579494063522, val_AP=0.9542891028519862
INFO - 11/13/25 19:42:21 - 0:10:02 - Epoch 175: train_loss=0.7327413558959961, train_AUC=0.9965413784453565, train_AP=0.9950387430766251, time=0.3536205291748047
INFO - 11/13/25 19:42:21 - 0:10:02 - Epoch 175: val_AUC=0.9519819755242477, val_AP=0.9534112520986169
INFO - 11/13/25 19:42:22 - 0:10:02 - Epoch 176: train_loss=0.7322014570236206, train_AUC=0.9967939417104241, train_AP=0.9957012449380218, time=0.4069969654083252
INFO - 11/13/25 19:42:22 - 0:10:02 - Epoch 176: val_AUC=0.9496525515124661, val_AP=0.951815746659469
INFO - 11/13/25 19:42:22 - 0:10:03 - Epoch 177: train_loss=0.7322972416877747, train_AUC=0.9965597437848297, train_AP=0.9951895859486177, time=0.42653489112854004
INFO - 11/13/25 19:42:23 - 0:10:03 - Epoch 177: val_AUC=0.9486176592292355, val_AP=0.9511576329269466
INFO - 11/13/25 19:42:23 - 0:10:03 - Epoch 178: train_loss=0.7335458993911743, train_AUC=0.9966808498460638, train_AP=0.9953493396297688, time=0.412045955657959
INFO - 11/13/25 19:42:23 - 0:10:03 - Epoch 178: val_AUC=0.9523014847710772, val_AP=0.9537611456957851
INFO - 11/13/25 19:42:23 - 0:10:04 - Epoch 179: train_loss=0.727252185344696, train_AUC=0.9969225619618308, train_AP=0.9958672575776638, time=0.3966057300567627
INFO - 11/13/25 19:42:24 - 0:10:04 - Epoch 179: val_AUC=0.9524755959285276, val_AP=0.9539883234733916
INFO - 11/13/25 19:42:24 - 0:10:04 - Epoch 180: train_loss=0.7316600680351257, train_AUC=0.9969060013312923, train_AP=0.99577684363793, time=0.3513045310974121
INFO - 11/13/25 19:42:24 - 0:10:04 - Epoch 180: val_AUC=0.9480061319709626, val_AP=0.9509078159210682
INFO - 11/13/25 19:42:25 - 0:10:05 - Epoch 181: train_loss=0.7296099662780762, train_AUC=0.9969103173454577, train_AP=0.9956602124736275, time=0.4140441417694092
INFO - 11/13/25 19:42:25 - 0:10:05 - Epoch 181: val_AUC=0.9501583902435847, val_AP=0.9524647242071147
INFO - 11/13/25 19:42:25 - 0:10:05 - Epoch 182: train_loss=0.7225643992424011, train_AUC=0.9969768309173873, train_AP=0.9955941858069686, time=0.34957170486450195
INFO - 11/13/25 19:42:25 - 0:10:05 - Epoch 182: val_AUC=0.9524397555031343, val_AP=0.9539430001105236
INFO - 11/13/25 19:42:25 - 0:10:06 - Epoch 183: train_loss=0.7304049730300903, train_AUC=0.9968801653034624, train_AP=0.9954577860294351, time=0.34235262870788574
INFO - 11/13/25 19:42:26 - 0:10:06 - Epoch 183: val_AUC=0.9517455508999206, val_AP=0.9534784982647757
INFO - 11/13/25 19:42:26 - 0:10:06 - Epoch 184: train_loss=0.7216077446937561, train_AUC=0.997162732845248, train_AP=0.9961633525185032, time=0.4111001491546631
INFO - 11/13/25 19:42:26 - 0:10:06 - Epoch 184: val_AUC=0.9521621958451172, val_AP=0.9538200524494362
INFO - 11/13/25 19:42:27 - 0:10:07 - Epoch 185: train_loss=0.7219333052635193, train_AUC=0.9971273442061263, train_AP=0.9959267709725341, time=0.3967916965484619
INFO - 11/13/25 19:42:27 - 0:10:07 - Epoch 185: val_AUC=0.9519965356970637, val_AP=0.9537673610651265
INFO - 11/13/25 19:42:27 - 0:10:07 - Epoch 186: train_loss=0.7238442301750183, train_AUC=0.9973873152844565, train_AP=0.9965951869776185, time=0.40735435485839844
INFO - 11/13/25 19:42:27 - 0:10:08 - Epoch 186: val_AUC=0.9506503815376194, val_AP=0.9528478700513071
INFO - 11/13/25 19:42:28 - 0:10:08 - Epoch 187: train_loss=0.7193769812583923, train_AUC=0.9973363087889668, train_AP=0.9964410870469933, time=0.3899195194244385
INFO - 11/13/25 19:42:28 - 0:10:08 - Epoch 187: val_AUC=0.950343294256409, val_AP=0.9526945316141511
INFO - 11/13/25 19:42:28 - 0:10:08 - Epoch 188: train_loss=0.7217898368835449, train_AUC=0.9971268850594304, train_AP=0.9958646863775332, time=0.3563411235809326
INFO - 11/13/25 19:42:28 - 0:10:09 - Epoch 188: val_AUC=0.9498671867872643, val_AP=0.9523505551662594
INFO - 11/13/25 19:42:29 - 0:10:09 - Epoch 189: train_loss=0.7162393927574158, train_AUC=0.9972679373196474, train_AP=0.9962344440412451, time=0.3533201217651367
INFO - 11/13/25 19:42:29 - 0:10:09 - Epoch 189: val_AUC=0.9501292698979527, val_AP=0.9525489749475275
INFO - 11/13/25 19:42:29 - 0:10:09 - Epoch 190: train_loss=0.7248854637145996, train_AUC=0.9973862346077683, train_AP=0.9963429108951641, time=0.3906586170196533
INFO - 11/13/25 19:42:29 - 0:10:10 - Epoch 190: val_AUC=0.950512925360685, val_AP=0.9528342881031815
INFO - 11/13/25 19:42:30 - 0:10:10 - Epoch 191: train_loss=0.717278003692627, train_AUC=0.9972464967364241, train_AP=0.9962389575658829, time=0.3796122074127197
INFO - 11/13/25 19:42:30 - 0:10:10 - Epoch 191: val_AUC=0.9509444359368687, val_AP=0.9532040807066245
INFO - 11/13/25 19:42:30 - 0:10:10 - Epoch 192: train_loss=0.7157371044158936, train_AUC=0.9973949436008503, train_AP=0.9964197463227835, time=0.4232065677642822
INFO - 11/13/25 19:42:30 - 0:10:11 - Epoch 192: val_AUC=0.9504068295559698, val_AP=0.9528693487198978
INFO - 11/13/25 19:42:31 - 0:10:11 - Epoch 193: train_loss=0.7192344665527344, train_AUC=0.9972814933308412, train_AP=0.9962081117496836, time=0.39425158500671387
INFO - 11/13/25 19:42:31 - 0:10:11 - Epoch 193: val_AUC=0.9470419023446155, val_AP=0.9505786747337154
INFO - 11/13/25 19:42:31 - 0:10:11 - Epoch 194: train_loss=0.7161282300949097, train_AUC=0.9974234665262608, train_AP=0.9965183076529, time=0.3473494052886963
INFO - 11/13/25 19:42:31 - 0:10:12 - Epoch 194: val_AUC=0.9466729088740892, val_AP=0.9503049870314343
INFO - 11/13/25 19:42:32 - 0:10:12 - Epoch 195: train_loss=0.7116650938987732, train_AUC=0.9972972239044646, train_AP=0.9961612298517714, time=0.3623366355895996
INFO - 11/13/25 19:42:32 - 0:10:12 - Epoch 195: val_AUC=0.948106220431649, val_AP=0.9512379963159354
INFO - 11/13/25 19:42:32 - 0:10:12 - Epoch 196: train_loss=0.7136700749397278, train_AUC=0.9975119270284606, train_AP=0.9967018600615465, time=0.35303378105163574
INFO - 11/13/25 19:42:32 - 0:10:13 - Epoch 196: val_AUC=0.9451081484836242, val_AP=0.9492062583332215
INFO - 11/13/25 19:42:33 - 0:10:13 - Epoch 197: train_loss=0.7136083841323853, train_AUC=0.9974266234900213, train_AP=0.9963738689048289, time=0.3674936294555664
INFO - 11/13/25 19:42:33 - 0:10:13 - Epoch 197: val_AUC=0.9494037049225195, val_AP=0.9521733770120855
INFO - 11/13/25 19:42:33 - 0:10:13 - Epoch 198: train_loss=0.7112592458724976, train_AUC=0.9976451760844169, train_AP=0.9967768675717105, time=0.3556339740753174
INFO - 11/13/25 19:42:33 - 0:10:14 - Epoch 198: val_AUC=0.9494299743252227, val_AP=0.952303780518234
INFO - 11/13/25 19:42:34 - 0:10:14 - Epoch 199: train_loss=0.7098811864852905, train_AUC=0.9974430481553702, train_AP=0.9964134119552697, time=0.3485555648803711
INFO - 11/13/25 19:42:34 - 0:10:14 - Epoch 199: val_AUC=0.9502224346400969, val_AP=0.9528182618962244
INFO - 11/13/25 19:42:34 - 0:10:14 - Epoch 200: train_loss=0.7071774005889893, train_AUC=0.9974317084472148, train_AP=0.9964800073528713, time=0.40273094177246094
INFO - 11/13/25 19:42:34 - 0:10:15 - Epoch 200: val_AUC=0.9483592416165987, val_AP=0.9516147623235551
INFO - 11/13/25 19:42:35 - 0:10:15 - Epoch 201: train_loss=0.7308815717697144, train_AUC=0.9974623932543637, train_AP=0.9964980890771516, time=0.3478209972381592
INFO - 11/13/25 19:42:35 - 0:10:15 - Epoch 201: val_AUC=0.9532312994434959, val_AP=0.9546845442274889
INFO - 11/13/25 19:42:35 - 0:10:16 - Epoch 202: train_loss=0.7066560387611389, train_AUC=0.9975700188601894, train_AP=0.9967151576710489, time=0.40692925453186035
INFO - 11/13/25 19:42:35 - 0:10:16 - Epoch 202: val_AUC=0.9475149552320504, val_AP=0.9509250641753092
INFO - 11/13/25 19:42:36 - 0:10:16 - Epoch 203: train_loss=0.7145885229110718, train_AUC=0.9978454630236622, train_AP=0.9970393860745326, time=0.39794445037841797
INFO - 11/13/25 19:42:36 - 0:10:16 - Epoch 203: val_AUC=0.9473408440746002, val_AP=0.9508698384677893
INFO - 11/13/25 19:42:36 - 0:10:17 - Epoch 204: train_loss=0.7144531607627869, train_AUC=0.9977081520957277, train_AP=0.9968198829853658, time=0.38819384574890137
INFO - 11/13/25 19:42:36 - 0:10:17 - Epoch 204: val_AUC=0.9492378411356853, val_AP=0.9522890650086638
INFO - 11/13/25 19:42:37 - 0:10:17 - Epoch 205: train_loss=0.7027617692947388, train_AUC=0.997785853031397, train_AP=0.9969261689660271, time=0.3838346004486084
INFO - 11/13/25 19:42:37 - 0:10:17 - Epoch 205: val_AUC=0.9509694835068878, val_AP=0.953553370781431
INFO - 11/13/25 19:42:37 - 0:10:18 - Epoch 206: train_loss=0.7174336314201355, train_AUC=0.9975760620901762, train_AP=0.9965571466865812, time=0.40625572204589844
INFO - 11/13/25 19:42:37 - 0:10:18 - Epoch 206: val_AUC=0.952955368895724, val_AP=0.9547106437698861
INFO - 11/13/25 19:42:38 - 0:10:18 - Epoch 207: train_loss=0.7011395692825317, train_AUC=0.9978654768529986, train_AP=0.9970653979542432, time=0.3949096202850342
INFO - 11/13/25 19:42:38 - 0:10:18 - Epoch 207: val_AUC=0.9477521944115003, val_AP=0.9513930403728522
INFO - 11/13/25 19:42:38 - 0:10:19 - Epoch 208: train_loss=0.7027856707572937, train_AUC=0.9976536533026421, train_AP=0.9967151514685141, time=0.38823580741882324
INFO - 11/13/25 19:42:38 - 0:10:19 - Epoch 208: val_AUC=0.946804459526385, val_AP=0.9507241117881395
INFO - 11/13/25 19:42:39 - 0:10:19 - Epoch 209: train_loss=0.7107133865356445, train_AUC=0.9978353219930719, train_AP=0.996858929526141, time=0.37099385261535645
INFO - 11/13/25 19:42:39 - 0:10:19 - Epoch 209: val_AUC=0.9472105152549883, val_AP=0.9511238908508758
INFO - 11/13/25 19:42:39 - 0:10:20 - Epoch 210: train_loss=0.7111145853996277, train_AUC=0.9976760229226207, train_AP=0.9967460862845621, time=0.35790467262268066
INFO - 11/13/25 19:42:39 - 0:10:20 - Epoch 210: val_AUC=0.9519744408893639, val_AP=0.9540633144419186
INFO - 11/13/25 19:42:40 - 0:10:20 - Epoch 211: train_loss=0.6976875066757202, train_AUC=0.9977409704291803, train_AP=0.9967827709210941, time=0.4236874580383301
INFO - 11/13/25 19:42:40 - 0:10:20 - Epoch 211: val_AUC=0.9471213214690666, val_AP=0.9509655561633452
INFO - 11/13/25 19:42:40 - 0:10:21 - Epoch 212: train_loss=0.7046418786048889, train_AUC=0.9977646016018181, train_AP=0.9968371243867353, time=0.4141578674316406
INFO - 11/13/25 19:42:41 - 0:10:21 - Epoch 212: val_AUC=0.9475339954580406, val_AP=0.9513285488847478
INFO - 11/13/25 19:42:41 - 0:10:21 - Epoch 213: train_loss=0.7008715271949768, train_AUC=0.9978073040057425, train_AP=0.9968859504044514, time=0.42005085945129395
INFO - 11/13/25 19:42:41 - 0:10:21 - Epoch 213: val_AUC=0.948073943684917, val_AP=0.9517987900434558
INFO - 11/13/25 19:42:41 - 0:10:22 - Epoch 214: train_loss=0.6969015598297119, train_AUC=0.9978781464486495, train_AP=0.9970134808584695, time=0.4036440849304199
INFO - 11/13/25 19:42:42 - 0:10:22 - Epoch 214: val_AUC=0.9482256545764964, val_AP=0.9519720709458483
INFO - 11/13/25 19:42:42 - 0:10:22 - Epoch 215: train_loss=0.7053724527359009, train_AUC=0.9979549144729081, train_AP=0.9970657179924958, time=0.36545348167419434
INFO - 11/13/25 19:42:42 - 0:10:22 - Epoch 215: val_AUC=0.9476583169336237, val_AP=0.9515378754186714
INFO - 11/13/25 19:42:42 - 0:10:23 - Epoch 216: train_loss=0.7004745602607727, train_AUC=0.9979401567900971, train_AP=0.9970199816272785, time=0.36206507682800293
INFO - 11/13/25 19:42:43 - 0:10:23 - Epoch 216: val_AUC=0.9413628240300277, val_AP=0.947294507281839
INFO - 11/13/25 19:42:43 - 0:10:23 - Epoch 217: train_loss=0.6934894919395447, train_AUC=0.9979089363998634, train_AP=0.9969859961045067, time=0.35259032249450684
INFO - 11/13/25 19:42:43 - 0:10:23 - Epoch 217: val_AUC=0.9431369250869944, val_AP=0.9483794191361247
INFO - 11/13/25 19:42:43 - 0:10:24 - Epoch 218: train_loss=0.6966840028762817, train_AUC=0.998008969265679, train_AP=0.9973700746334431, time=0.40726661682128906
INFO - 11/13/25 19:42:44 - 0:10:24 - Epoch 218: val_AUC=0.9444444896975067, val_AP=0.9492607183210577
INFO - 11/13/25 19:42:44 - 0:10:24 - Epoch 219: train_loss=0.7090446949005127, train_AUC=0.9978888817105218, train_AP=0.9969372066532348, time=0.3630378246307373
INFO - 11/13/25 19:42:44 - 0:10:24 - Epoch 219: val_AUC=0.9473899210207353, val_AP=0.9512375190232631
INFO - 11/13/25 19:42:45 - 0:10:25 - Epoch 220: train_loss=0.6944586634635925, train_AUC=0.9981382496175137, train_AP=0.9974825370570765, time=0.3688654899597168
INFO - 11/13/25 19:42:45 - 0:10:25 - Epoch 220: val_AUC=0.945464109072189, val_AP=0.9500027256249691
INFO - 11/13/25 19:42:45 - 0:10:25 - Epoch 221: train_loss=0.6901524662971497, train_AUC=0.9980826592282558, train_AP=0.9973934339559742, time=0.3567671775817871
INFO - 11/13/25 19:42:45 - 0:10:25 - Epoch 221: val_AUC=0.9470414950670542, val_AP=0.9510854792592689
INFO - 11/13/25 19:42:45 - 0:10:26 - Epoch 222: train_loss=0.6933200359344482, train_AUC=0.9981490528619807, train_AP=0.9973185575822099, time=0.3870828151702881
INFO - 11/13/25 19:42:46 - 0:10:26 - Epoch 222: val_AUC=0.9462318272752154, val_AP=0.9505117921415833
INFO - 11/13/25 19:42:46 - 0:10:26 - Epoch 223: train_loss=0.6925299167633057, train_AUC=0.9979178655438352, train_AP=0.9969853275262421, time=0.3806004524230957
INFO - 11/13/25 19:42:46 - 0:10:26 - Epoch 223: val_AUC=0.9466580432431023, val_AP=0.950625807784754
INFO - 11/13/25 19:42:46 - 0:10:27 - Epoch 224: train_loss=0.6900961399078369, train_AUC=0.9981178090476923, train_AP=0.9973202984000763, time=0.35210251808166504
INFO - 11/13/25 19:42:47 - 0:10:27 - Epoch 224: val_AUC=0.9448536000078198, val_AP=0.9494004163364684
INFO - 11/13/25 19:42:47 - 0:10:27 - Epoch 225: train_loss=0.6899880170822144, train_AUC=0.9981459711017642, train_AP=0.9974282914802148, time=0.3999948501586914
INFO - 11/13/25 19:42:47 - 0:10:27 - Epoch 225: val_AUC=0.944601495197383, val_AP=0.9492894594874971
INFO - 11/13/25 19:42:47 - 0:10:28 - Epoch 226: train_loss=0.6899774074554443, train_AUC=0.9980782618463215, train_AP=0.9971836937798444, time=0.34711217880249023
INFO - 11/13/25 19:42:47 - 0:10:28 - Epoch 226: val_AUC=0.9433081853015158, val_AP=0.9484333462471198
INFO - 11/13/25 19:42:48 - 0:10:28 - Epoch 227: train_loss=0.6877333521842957, train_AUC=0.9979959794825739, train_AP=0.9971431354139031, time=0.38001561164855957
INFO - 11/13/25 19:42:48 - 0:10:28 - Epoch 227: val_AUC=0.9455860887017946, val_AP=0.9500982072978191
INFO - 11/13/25 19:42:48 - 0:10:29 - Epoch 228: train_loss=0.6851754188537598, train_AUC=0.9982378685996564, train_AP=0.997314607404589, time=0.35638427734375
INFO - 11/13/25 19:42:48 - 0:10:29 - Epoch 228: val_AUC=0.9448845531024775, val_AP=0.9497568824279455
INFO - 11/13/25 19:42:49 - 0:10:29 - Epoch 229: train_loss=0.6852512359619141, train_AUC=0.9981465975631363, train_AP=0.9974401421124413, time=0.40383458137512207
INFO - 11/13/25 19:42:49 - 0:10:29 - Epoch 229: val_AUC=0.9458117204707477, val_AP=0.9503200838566163
INFO - 11/13/25 19:42:49 - 0:10:30 - Epoch 230: train_loss=0.6858343482017517, train_AUC=0.9981622006253643, train_AP=0.9974068643705788, time=0.3951292037963867
INFO - 11/13/25 19:42:49 - 0:10:30 - Epoch 230: val_AUC=0.942797866517223, val_AP=0.9483148824218658
INFO - 11/13/25 19:42:50 - 0:10:30 - Epoch 231: train_loss=0.6830161809921265, train_AUC=0.9982913962631367, train_AP=0.9976178677141286, time=0.42852330207824707
INFO - 11/13/25 19:42:50 - 0:10:30 - Epoch 231: val_AUC=0.9443715870140363, val_AP=0.9493150891401725
INFO - 11/13/25 19:42:50 - 0:10:31 - Epoch 232: train_loss=0.6831927299499512, train_AUC=0.9981244192102509, train_AP=0.9970850614247663, time=0.39783334732055664
INFO - 11/13/25 19:42:50 - 0:10:31 - Epoch 232: val_AUC=0.9437680016682088, val_AP=0.9488767474662518
INFO - 11/13/25 19:42:51 - 0:10:31 - Epoch 233: train_loss=0.682634711265564, train_AUC=0.9981762288161867, train_AP=0.9974436325469327, time=0.44847893714904785
INFO - 11/13/25 19:42:51 - 0:10:31 - Epoch 233: val_AUC=0.943188038420936, val_AP=0.9484941792369106
INFO - 11/13/25 19:42:51 - 0:10:32 - Epoch 234: train_loss=0.6843875646591187, train_AUC=0.9980221853638989, train_AP=0.9970193941818175, time=0.3853893280029297
INFO - 11/13/25 19:42:52 - 0:10:32 - Epoch 234: val_AUC=0.9449138770868901, val_AP=0.9497367528590738
INFO - 11/13/25 19:42:52 - 0:10:32 - Epoch 235: train_loss=0.6835360527038574, train_AUC=0.998293151658272, train_AP=0.9976314445857846, time=0.38771915435791016
INFO - 11/13/25 19:42:52 - 0:10:32 - Epoch 235: val_AUC=0.9389464462589112, val_AP=0.9458720484910038
INFO - 11/13/25 19:42:53 - 0:10:33 - Epoch 236: train_loss=0.7082878947257996, train_AUC=0.9981774644791013, train_AP=0.9974495883934017, time=0.38935112953186035
INFO - 11/13/25 19:42:53 - 0:10:33 - Epoch 236: val_AUC=0.9483592416165987, val_AP=0.9516387772006099
INFO - 11/13/25 19:42:53 - 0:10:33 - Epoch 237: train_loss=0.683982253074646, train_AUC=0.9984415754508851, train_AP=0.9978645043118444, time=0.3830132484436035
INFO - 11/13/25 19:42:53 - 0:10:33 - Epoch 237: val_AUC=0.9428467398245773, val_AP=0.9482691280732829
INFO - 11/13/25 19:42:54 - 0:10:34 - Epoch 238: train_loss=0.6861295700073242, train_AUC=0.9984266346025338, train_AP=0.997880046453478, time=0.44449567794799805
INFO - 11/13/25 19:42:54 - 0:10:34 - Epoch 238: val_AUC=0.9410795624861525, val_AP=0.9472635546488454
INFO - 11/13/25 19:42:54 - 0:10:34 - Epoch 239: train_loss=0.6917899250984192, train_AUC=0.998271963279908, train_AP=0.9974992881294493, time=0.3986670970916748
INFO - 11/13/25 19:42:54 - 0:10:35 - Epoch 239: val_AUC=0.9466655778779861, val_AP=0.9509165791746801
INFO - 11/13/25 19:42:55 - 0:10:35 - Epoch 240: train_loss=0.6804747581481934, train_AUC=0.9983708744329096, train_AP=0.9977568028321068, time=0.38559627532958984
INFO - 11/13/25 19:42:55 - 0:10:35 - Epoch 240: val_AUC=0.9445556764717382, val_AP=0.9496553420412264
INFO - 11/13/25 19:42:55 - 0:10:35 - Epoch 241: train_loss=0.6871991157531738, train_AUC=0.9984479381638434, train_AP=0.9978428376641286, time=0.3937063217163086
INFO - 11/13/25 19:42:55 - 0:10:36 - Epoch 241: val_AUC=0.945832695265154, val_AP=0.9503579876706427
INFO - 11/13/25 19:42:56 - 0:10:36 - Epoch 242: train_loss=0.6824851036071777, train_AUC=0.998357082948324, train_AP=0.997710923365707, time=0.39443492889404297
INFO - 11/13/25 19:42:56 - 0:10:36 - Epoch 242: val_AUC=0.943551940921946, val_AP=0.9487798889564102
INFO - 11/13/25 19:42:56 - 0:10:36 - Epoch 243: train_loss=0.6774209141731262, train_AUC=0.9982685652068929, train_AP=0.9974054567707128, time=0.40532898902893066
INFO - 11/13/25 19:42:56 - 0:10:37 - Epoch 243: val_AUC=0.942585165810841, val_AP=0.9481238312208312
INFO - 11/13/25 19:42:57 - 0:10:37 - Epoch 244: train_loss=0.6802608966827393, train_AUC=0.9982934575799486, train_AP=0.9976372508796751, time=0.43390917778015137
INFO - 11/13/25 19:42:57 - 0:10:37 - Epoch 244: val_AUC=0.9428489798511643, val_AP=0.9483226335110341
INFO - 11/13/25 19:42:57 - 0:10:38 - Epoch 245: train_loss=0.6784645915031433, train_AUC=0.9984619490948359, train_AP=0.9979006505894752, time=0.4027822017669678
INFO - 11/13/25 19:42:57 - 0:10:38 - Epoch 245: val_AUC=0.9411162174666683, val_AP=0.947367291429883
INFO - 11/13/25 19:42:58 - 0:10:38 - Epoch 246: train_loss=0.6745822429656982, train_AUC=0.9983016128495125, train_AP=0.99736923322387, time=0.39304661750793457
INFO - 11/13/25 19:42:58 - 0:10:38 - Epoch 246: val_AUC=0.9426204971392824, val_AP=0.9484401452263693
INFO - 11/13/25 19:42:58 - 0:10:39 - Epoch 247: train_loss=0.6753368377685547, train_AUC=0.9983398734890829, train_AP=0.99768130125728, time=0.4046497344970703
INFO - 11/13/25 19:42:58 - 0:10:39 - Epoch 247: val_AUC=0.9446933362874533, val_AP=0.9498986347246828
INFO - 11/13/25 19:42:59 - 0:10:39 - Epoch 248: train_loss=0.675280749797821, train_AUC=0.9983819017029222, train_AP=0.9975942025592259, time=0.39287400245666504
INFO - 11/13/25 19:42:59 - 0:10:39 - Epoch 248: val_AUC=0.9445467163653898, val_AP=0.9497885601782216
INFO - 11/13/25 19:42:59 - 0:10:40 - Epoch 249: train_loss=0.6815584897994995, train_AUC=0.9984452033614292, train_AP=0.9977824004304353, time=0.404080867767334
INFO - 11/13/25 19:42:59 - 0:10:40 - Epoch 249: val_AUC=0.9438759302219502, val_AP=0.9492627928419998
INFO - 11/13/25 19:43:00 - 0:10:40 - Epoch 250: train_loss=0.6774132251739502, train_AUC=0.9983289090941645, train_AP=0.997577097028527, time=0.42262744903564453
INFO - 11/13/25 19:43:00 - 0:10:40 - Epoch 250: val_AUC=0.9395355732513131, val_AP=0.9462760304637133
INFO - 11/13/25 19:43:00 - 0:10:41 - Epoch 251: train_loss=0.6736710071563721, train_AUC=0.9983204667478404, train_AP=0.997445021455268, time=0.40238428115844727
INFO - 11/13/25 19:43:01 - 0:10:41 - Epoch 251: val_AUC=0.9403947252668482, val_AP=0.946682496271693
INFO - 11/13/25 19:43:01 - 0:10:41 - Epoch 252: train_loss=0.6830350756645203, train_AUC=0.998361072258569, train_AP=0.997600862760795, time=0.452955961227417
INFO - 11/13/25 19:43:01 - 0:10:41 - Epoch 252: val_AUC=0.9406447936894786, val_AP=0.9470297910411016
INFO - 11/13/25 19:43:02 - 0:10:42 - Epoch 253: train_loss=0.6846771836280823, train_AUC=0.9983672310237429, train_AP=0.9974611268365967, time=0.40401363372802734
INFO - 11/13/25 19:43:02 - 0:10:42 - Epoch 253: val_AUC=0.9419411581670555, val_AP=0.9481219938788303
INFO - 11/13/25 19:43:02 - 0:10:42 - Epoch 254: train_loss=0.671989917755127, train_AUC=0.9985802192603672, train_AP=0.9980254148078349, time=0.4412825107574463
INFO - 11/13/25 19:43:02 - 0:10:42 - Epoch 254: val_AUC=0.9415245132218588, val_AP=0.9477287089645622
INFO - 11/13/25 19:43:03 - 0:10:43 - Epoch 255: train_loss=0.6753747463226318, train_AUC=0.9983088986111216, train_AP=0.9974879703610732, time=0.3949151039123535
INFO - 11/13/25 19:43:03 - 0:10:43 - Epoch 255: val_AUC=0.9423594322224975, val_AP=0.9482967576561714
INFO - 11/13/25 19:43:03 - 0:10:43 - Epoch 256: train_loss=0.6772463321685791, train_AUC=0.9984486694170391, train_AP=0.997796479479787, time=0.44190382957458496
INFO - 11/13/25 19:43:03 - 0:10:44 - Epoch 256: val_AUC=0.9405386978847632, val_AP=0.9470087963211624
INFO - 11/13/25 19:43:04 - 0:10:44 - Epoch 257: train_loss=0.6723574995994568, train_AUC=0.9985724378950747, train_AP=0.9979842237912043, time=0.3578622341156006
INFO - 11/13/25 19:43:04 - 0:10:44 - Epoch 257: val_AUC=0.9426897343247012, val_AP=0.9482796363942905
INFO - 11/13/25 19:43:04 - 0:10:44 - Epoch 258: train_loss=0.6703706979751587, train_AUC=0.9984944401960059, train_AP=0.9980052581671152, time=0.3889048099517822
INFO - 11/13/25 19:43:04 - 0:10:44 - Epoch 258: val_AUC=0.9407376529734519, val_AP=0.946906985974825
INFO - 11/13/25 19:43:05 - 0:10:45 - Epoch 259: train_loss=0.6724673509597778, train_AUC=0.9986643302854663, train_AP=0.9981511935643141, time=0.39131855964660645
INFO - 11/13/25 19:43:05 - 0:10:45 - Epoch 259: val_AUC=0.9408710363747737, val_AP=0.9470751893764725
INFO - 11/13/25 19:43:05 - 0:10:45 - Epoch 260: train_loss=0.6685962677001953, train_AUC=0.9983515700178006, train_AP=0.9975121685012389, time=0.3420882225036621
INFO - 11/13/25 19:43:05 - 0:10:45 - Epoch 260: val_AUC=0.9404973592122927, val_AP=0.9469854293097459
INFO - 11/13/25 19:43:06 - 0:10:46 - Epoch 261: train_loss=0.671285092830658, train_AUC=0.9983427882868646, train_AP=0.997486757637085, time=0.34525322914123535
INFO - 11/13/25 19:43:06 - 0:10:46 - Epoch 261: val_AUC=0.936829824772902, val_AP=0.9447221230350481
INFO - 11/13/25 19:43:06 - 0:10:46 - Epoch 262: train_loss=0.666655421257019, train_AUC=0.99865608783615, train_AP=0.9980813628552767, time=0.3495006561279297
INFO - 11/13/25 19:43:06 - 0:10:46 - Epoch 262: val_AUC=0.9406431645792334, val_AP=0.9472558045250687
INFO - 11/13/25 19:43:07 - 0:10:47 - Epoch 263: train_loss=0.6792771816253662, train_AUC=0.9984940421631969, train_AP=0.997683958974976, time=0.4786503314971924
INFO - 11/13/25 19:43:07 - 0:10:47 - Epoch 263: val_AUC=0.9427616188142683, val_AP=0.9484015653561823
INFO - 11/13/25 19:43:07 - 0:10:47 - Epoch 264: train_loss=0.6669284701347351, train_AUC=0.9985522544614928, train_AP=0.9979554086787432, time=0.4080798625946045
INFO - 11/13/25 19:43:07 - 0:10:48 - Epoch 264: val_AUC=0.9401051509207732, val_AP=0.9467085593439047
INFO - 11/13/25 19:43:08 - 0:10:48 - Epoch 265: train_loss=0.671044647693634, train_AUC=0.9985208049382128, train_AP=0.9976405390447208, time=0.4277474880218506
INFO - 11/13/25 19:43:08 - 0:10:48 - Epoch 265: val_AUC=0.9393854914699787, val_AP=0.9462353588611581
INFO - 11/13/25 19:43:08 - 0:10:48 - Epoch 266: train_loss=0.6685680150985718, train_AUC=0.9984445300519477, train_AP=0.9976582846354717, time=0.41614508628845215
INFO - 11/13/25 19:43:08 - 0:10:49 - Epoch 266: val_AUC=0.9373857586440589, val_AP=0.944969805692011
INFO - 11/13/25 19:43:09 - 0:10:49 - Epoch 267: train_loss=0.66525799036026, train_AUC=0.9984713211823981, train_AP=0.9977611621889518, time=0.442363977432251
INFO - 11/13/25 19:43:09 - 0:10:49 - Epoch 267: val_AUC=0.9377671740802044, val_AP=0.9450799065904636
INFO - 11/13/25 19:43:09 - 0:10:49 - Epoch 268: train_loss=0.6664378643035889, train_AUC=0.9986130659492544, train_AP=0.9979635109122119, time=0.34064221382141113
INFO - 11/13/25 19:43:09 - 0:10:50 - Epoch 268: val_AUC=0.9424889464869868, val_AP=0.9481100032533334
INFO - 11/13/25 19:43:10 - 0:10:50 - Epoch 269: train_loss=0.6795684695243835, train_AUC=0.9986404275346907, train_AP=0.9980652116120684, time=0.38208937644958496
INFO - 11/13/25 19:43:10 - 0:10:50 - Epoch 269: val_AUC=0.9391610815337097, val_AP=0.9457754309750785
INFO - 11/13/25 19:43:10 - 0:10:50 - Epoch 270: train_loss=0.6654050350189209, train_AUC=0.9985679240973497, train_AP=0.9978653801951441, time=0.3571622371673584
INFO - 11/13/25 19:43:10 - 0:10:51 - Epoch 270: val_AUC=0.9387314037065517, val_AP=0.9454865211995892
INFO - 11/13/25 19:43:11 - 0:10:51 - Epoch 271: train_loss=0.6660287380218506, train_AUC=0.9984798707862359, train_AP=0.9977338906844269, time=0.3883554935455322
INFO - 11/13/25 19:43:11 - 0:10:51 - Epoch 271: val_AUC=0.9400243063248576, val_AP=0.9464445324806703
INFO - 11/13/25 19:43:11 - 0:10:51 - Epoch 272: train_loss=0.6654425263404846, train_AUC=0.9984727197569713, train_AP=0.9977213342254461, time=0.34793782234191895
INFO - 11/13/25 19:43:11 - 0:10:52 - Epoch 272: val_AUC=0.9433721278786377, val_AP=0.9487311146049248
INFO - 11/13/25 19:43:12 - 0:10:52 - Epoch 273: train_loss=0.6708906888961792, train_AUC=0.9985060900527349, train_AP=0.997809192986422, time=0.3906283378601074
INFO - 11/13/25 19:43:12 - 0:10:52 - Epoch 273: val_AUC=0.9404126454795448, val_AP=0.9471874214858347
INFO - 11/13/25 19:43:12 - 0:10:53 - Epoch 274: train_loss=0.6688867211341858, train_AUC=0.9986231661198395, train_AP=0.9978793157652036, time=0.4033167362213135
INFO - 11/13/25 19:43:12 - 0:10:53 - Epoch 274: val_AUC=0.9390029560205398, val_AP=0.9463578962823568
INFO - 11/13/25 19:43:13 - 0:10:53 - Epoch 275: train_loss=0.6630887985229492, train_AUC=0.9987135621886629, train_AP=0.9980758472736733, time=0.42502927780151367
INFO - 11/13/25 19:43:13 - 0:10:53 - Epoch 275: val_AUC=0.9419051141028815, val_AP=0.948150161867085
INFO - 11/13/25 19:43:13 - 0:10:54 - Epoch 276: train_loss=0.6694116592407227, train_AUC=0.9985984937215531, train_AP=0.9979094960389557, time=0.3905527591705322
INFO - 11/13/25 19:43:13 - 0:10:54 - Epoch 276: val_AUC=0.940302884176778, val_AP=0.9469297279622406
INFO - 11/13/25 19:43:14 - 0:10:54 - Epoch 277: train_loss=0.6667425632476807, train_AUC=0.998575377349756, train_AP=0.9978784045973407, time=0.3894040584564209
INFO - 11/13/25 19:43:14 - 0:10:54 - Epoch 277: val_AUC=0.9403920779626999, val_AP=0.9467661205868085
INFO - 11/13/25 19:43:14 - 0:10:55 - Epoch 278: train_loss=0.6616173982620239, train_AUC=0.9984103920460009, train_AP=0.9975297161380392, time=0.3942580223083496
INFO - 11/13/25 19:43:15 - 0:10:55 - Epoch 278: val_AUC=0.9364626640514017, val_AP=0.9442046186544057
INFO - 11/13/25 19:43:15 - 0:10:55 - Epoch 279: train_loss=0.6690840721130371, train_AUC=0.9985480585616529, train_AP=0.9977349475922588, time=0.3852994441986084
INFO - 11/13/25 19:43:15 - 0:10:55 - Epoch 279: val_AUC=0.9404358603005383, val_AP=0.9469641702151248
INFO - 11/13/25 19:43:15 - 0:10:56 - Epoch 280: train_loss=0.658882737159729, train_AUC=0.9987167894245876, train_AP=0.9981037978756577, time=0.40017271041870117
INFO - 11/13/25 19:43:16 - 0:10:56 - Epoch 280: val_AUC=0.9406394990811818, val_AP=0.947199272965361
INFO - 11/13/25 19:43:16 - 0:10:56 - Epoch 281: train_loss=0.6602625846862793, train_AUC=0.9987517701681407, train_AP=0.9981455252511731, time=0.40444278717041016
INFO - 11/13/25 19:43:16 - 0:10:56 - Epoch 281: val_AUC=0.9396793422304475, val_AP=0.9465256990606163
INFO - 11/13/25 19:43:17 - 0:10:57 - Epoch 282: train_loss=0.6581118106842041, train_AUC=0.9987213354524027, train_AP=0.9981158857835016, time=0.4016153812408447
INFO - 11/13/25 19:43:17 - 0:10:57 - Epoch 282: val_AUC=0.9417267265310378, val_AP=0.9477502531919115
INFO - 11/13/25 19:43:17 - 0:10:57 - Epoch 283: train_loss=0.6676602363586426, train_AUC=0.9986155082151661, train_AP=0.998040946326037, time=0.3904304504394531
INFO - 11/13/25 19:43:17 - 0:10:57 - Epoch 283: val_AUC=0.9327645837949144, val_AP=0.9418764811051583
INFO - 11/13/25 19:43:18 - 0:10:58 - Epoch 284: train_loss=0.6604937314987183, train_AUC=0.9984587979430588, train_AP=0.9975986113942772, time=0.4415099620819092
INFO - 11/13/25 19:43:18 - 0:10:58 - Epoch 284: val_AUC=0.938414745402651, val_AP=0.9455122729649776
INFO - 11/13/25 19:43:18 - 0:10:58 - Epoch 285: train_loss=0.6584446430206299, train_AUC=0.9986978985409101, train_AP=0.9980745956484818, time=0.3909590244293213
INFO - 11/13/25 19:43:18 - 0:10:59 - Epoch 285: val_AUC=0.9374079552711493, val_AP=0.944821126712891
INFO - 11/13/25 19:43:19 - 0:10:59 - Epoch 286: train_loss=0.6579259634017944, train_AUC=0.9986978173492619, train_AP=0.9980526239421376, time=0.47889256477355957
INFO - 11/13/25 19:43:19 - 0:10:59 - Epoch 286: val_AUC=0.9375910265349477, val_AP=0.9449017257688133
INFO - 11/13/25 19:43:19 - 0:11:00 - Epoch 287: train_loss=0.6559771299362183, train_AUC=0.9986703263151023, train_AP=0.9980122731641283, time=0.42185163497924805
INFO - 11/13/25 19:43:19 - 0:11:00 - Epoch 287: val_AUC=0.9415041493437943, val_AP=0.947452907316049
INFO - 11/13/25 19:43:20 - 0:11:00 - Epoch 288: train_loss=0.663425087928772, train_AUC=0.9986185836350371, train_AP=0.9979588818391718, time=0.3829185962677002
INFO - 11/13/25 19:43:20 - 0:11:00 - Epoch 288: val_AUC=0.9390352327672717, val_AP=0.946070165683093
INFO - 11/13/25 19:43:20 - 0:11:01 - Epoch 289: train_loss=0.6562042236328125, train_AUC=0.9988148617146384, train_AP=0.9983368238122883, time=0.44183969497680664
INFO - 11/13/25 19:43:21 - 0:11:01 - Epoch 289: val_AUC=0.9391207610551421, val_AP=0.9463344101495226
INFO - 11/13/25 19:43:21 - 0:11:01 - Epoch 290: train_loss=0.6543821692466736, train_AUC=0.998926575082187, train_AP=0.9984534536539871, time=0.40082335472106934
INFO - 11/13/25 19:43:21 - 0:11:01 - Epoch 290: val_AUC=0.940759849600542, val_AP=0.9473800671923738
INFO - 11/13/25 19:43:22 - 0:11:02 - Epoch 291: train_loss=0.6580041646957397, train_AUC=0.9988045679873909, train_AP=0.9983005594526002, time=0.4959893226623535
INFO - 11/13/25 19:43:22 - 0:11:02 - Epoch 291: val_AUC=0.9359391087463671, val_AP=0.9443384494915842
INFO - 11/13/25 19:43:22 - 0:11:03 - Epoch 292: train_loss=0.6656947135925293, train_AUC=0.9987539028138409, train_AP=0.9982759999573215, time=0.6586620807647705
INFO - 11/13/25 19:43:23 - 0:11:03 - Epoch 292: val_AUC=0.9355000635352996, val_AP=0.9434992097630309
INFO - 11/13/25 19:43:23 - 0:11:04 - Epoch 293: train_loss=0.6555161476135254, train_AUC=0.9988100550281697, train_AP=0.9980117795163945, time=0.5878252983093262
INFO - 11/13/25 19:43:23 - 0:11:04 - Epoch 293: val_AUC=0.9375293239844127, val_AP=0.9447383284761072
INFO - 11/13/25 19:43:24 - 0:11:04 - Epoch 294: train_loss=0.6663737893104553, train_AUC=0.998765254322084, train_AP=0.9982843148819296, time=0.5556933879852295
INFO - 11/13/25 19:43:24 - 0:11:05 - Epoch 294: val_AUC=0.9393221598091985, val_AP=0.9462269763236504
INFO - 11/13/25 19:43:25 - 0:11:05 - Epoch 295: train_loss=0.6519070863723755, train_AUC=0.9988977488769106, train_AP=0.998384106442662, time=0.5016798973083496
INFO - 11/13/25 19:43:25 - 0:11:05 - Epoch 295: val_AUC=0.9384776697858698, val_AP=0.9457863306875472
INFO - 11/13/25 19:43:25 - 0:11:06 - Epoch 296: train_loss=0.6528514623641968, train_AUC=0.9987408353615019, train_AP=0.9981869591056812, time=0.4997522830963135
INFO - 11/13/25 19:43:26 - 0:11:06 - Epoch 296: val_AUC=0.9380650976162859, val_AP=0.945339168994729
INFO - 11/13/25 19:43:26 - 0:11:06 - Epoch 297: train_loss=0.6556196212768555, train_AUC=0.998681274683036, train_AP=0.9978754038049499, time=0.5168049335479736
INFO - 11/13/25 19:43:26 - 0:11:07 - Epoch 297: val_AUC=0.9376482490323086, val_AP=0.9449349356356931
INFO - 11/13/25 19:43:27 - 0:11:07 - Epoch 298: train_loss=0.6626070737838745, train_AUC=0.9988322002703613, train_AP=0.9982889491104967, time=0.5786559581756592
INFO - 11/13/25 19:43:27 - 0:11:07 - Epoch 298: val_AUC=0.9406582338490009, val_AP=0.9470886473358091
INFO - 11/13/25 19:43:28 - 0:11:08 - Epoch 299: train_loss=0.6552693247795105, train_AUC=0.9987567094735055, train_AP=0.9982192234690598, time=0.5127780437469482
INFO - 11/13/25 19:43:28 - 0:11:08 - Epoch 299: val_AUC=0.9374112134916395, val_AP=0.944897071550273
INFO - 11/13/25 19:43:28 - 0:11:09 - Epoch 300: train_loss=0.6528922915458679, train_AUC=0.998807637243037, train_AP=0.9982536665220403, time=0.5186655521392822
INFO - 11/13/25 19:43:29 - 0:11:09 - Epoch 300: val_AUC=0.9367754532184702, val_AP=0.9443620315964139
INFO - 11/13/25 19:43:29 - 0:11:09 - best_epoch=130
INFO - 11/13/25 19:43:29 - 0:11:09 - test_auc= 95.75%, test_ap= 95.53%
INFO - 11/13/25 19:43:29 - 0:11:09 - Reward curve saved to ./results/Train/LP_gcn_Pubmed_20251113_193220_reward.png
INFO - 11/13/25 19:43:29 - 0:11:09 - ----LP Task----
INFO - 11/13/25 19:43:29 - 0:11:09 - test AUC: 0.9575046338004534~0.0
INFO - 11/13/25 19:43:29 - 0:11:09 - test AP: 0.9552952670077897~0.0
